Component: ARM Compiler 5.06 update 6 (build 750) Tool: armlink [4d35ed]

==============================================================================

Section Cross References

    main.o(i.SysTick_Handler) refers to spi.o(i.CollectData) for CollectData
    main.o(i.SysTick_Handler) refers to f2d.o(x$fpl$f2d) for __aeabi_f2d
    main.o(i.SysTick_Handler) refers to sin.o(i.sin) for sin
    main.o(i.SysTick_Handler) refers to dmul.o(x$fpl$dmul) for __aeabi_dmul
    main.o(i.SysTick_Handler) refers to dfix.o(x$fpl$dfix) for __aeabi_d2iz
    main.o(i.SysTick_Handler) refers to cos.o(i.cos) for cos
    main.o(i.SysTick_Handler) refers to daddsub_clz.o(x$fpl$dadd) for __aeabi_dadd
    main.o(i.SysTick_Handler) refers to d2f.o(x$fpl$d2f) for __aeabi_d2f
    main.o(i.SysTick_Handler) refers to fdiv.o(x$fpl$fdiv) for __aeabi_fdiv
    main.o(i.SysTick_Handler) refers to ddiv.o(x$fpl$ddiv) for __aeabi_ddiv
    main.o(i.SysTick_Handler) refers to main.o(.bss) for encoder
    main.o(i.SysTick_Handler) refers to main.o(.data) for initFlag
    main.o(i.main) refers to adc.o(i.ADC_config) for ADC_config
    main.o(i.main) refers to pwm.o(i.PWM_Motor_Configuration) for PWM_Motor_Configuration
    main.o(i.main) refers to spi.o(i.SPI_Configuration) for SPI_Configuration
    stm32f10x_adc.o(i.ADC_DeInit) refers to stm32f10x_rcc.o(i.RCC_APB2PeriphResetCmd) for RCC_APB2PeriphResetCmd
    stm32f10x_can.o(i.CAN_DeInit) refers to stm32f10x_rcc.o(i.RCC_APB1PeriphResetCmd) for RCC_APB1PeriphResetCmd
    stm32f10x_can.o(i.CAN_GetITStatus) refers to stm32f10x_can.o(i.CheckITStatus) for CheckITStatus
    stm32f10x_gpio.o(i.GPIO_AFIODeInit) refers to stm32f10x_rcc.o(i.RCC_APB2PeriphResetCmd) for RCC_APB2PeriphResetCmd
    stm32f10x_gpio.o(i.GPIO_DeInit) refers to stm32f10x_rcc.o(i.RCC_APB2PeriphResetCmd) for RCC_APB2PeriphResetCmd
    stm32f10x_flash.o(i.FLASH_EnableWriteProtection) refers to stm32f10x_flash.o(i.FLASH_WaitForLastOperation) for FLASH_WaitForLastOperation
    stm32f10x_flash.o(i.FLASH_EraseAllBank1Pages) refers to stm32f10x_flash.o(i.FLASH_WaitForLastBank1Operation) for FLASH_WaitForLastBank1Operation
    stm32f10x_flash.o(i.FLASH_EraseAllPages) refers to stm32f10x_flash.o(i.FLASH_WaitForLastOperation) for FLASH_WaitForLastOperation
    stm32f10x_flash.o(i.FLASH_EraseOptionBytes) refers to stm32f10x_flash.o(i.FLASH_GetReadOutProtectionStatus) for FLASH_GetReadOutProtectionStatus
    stm32f10x_flash.o(i.FLASH_EraseOptionBytes) refers to stm32f10x_flash.o(i.FLASH_WaitForLastOperation) for FLASH_WaitForLastOperation
    stm32f10x_flash.o(i.FLASH_ErasePage) refers to stm32f10x_flash.o(i.FLASH_WaitForLastOperation) for FLASH_WaitForLastOperation
    stm32f10x_flash.o(i.FLASH_ProgramHalfWord) refers to stm32f10x_flash.o(i.FLASH_WaitForLastOperation) for FLASH_WaitForLastOperation
    stm32f10x_flash.o(i.FLASH_ProgramOptionByteData) refers to stm32f10x_flash.o(i.FLASH_WaitForLastOperation) for FLASH_WaitForLastOperation
    stm32f10x_flash.o(i.FLASH_ProgramWord) refers to stm32f10x_flash.o(i.FLASH_WaitForLastOperation) for FLASH_WaitForLastOperation
    stm32f10x_flash.o(i.FLASH_ReadOutProtection) refers to stm32f10x_flash.o(i.FLASH_WaitForLastOperation) for FLASH_WaitForLastOperation
    stm32f10x_flash.o(i.FLASH_UserOptionByteConfig) refers to stm32f10x_flash.o(i.FLASH_WaitForLastOperation) for FLASH_WaitForLastOperation
    stm32f10x_flash.o(i.FLASH_WaitForLastBank1Operation) refers to stm32f10x_flash.o(i.FLASH_GetBank1Status) for FLASH_GetBank1Status
    stm32f10x_flash.o(i.FLASH_WaitForLastOperation) refers to stm32f10x_flash.o(i.FLASH_GetBank1Status) for FLASH_GetBank1Status
    stm32f10x_rcc.o(i.RCC_GetClocksFreq) refers to stm32f10x_rcc.o(.data) for APBAHBPrescTable
    stm32f10x_rcc.o(i.RCC_WaitForHSEStartUp) refers to stm32f10x_rcc.o(i.RCC_GetFlagStatus) for RCC_GetFlagStatus
    stm32f10x_tim.o(i.TIM_DeInit) refers to stm32f10x_rcc.o(i.RCC_APB2PeriphResetCmd) for RCC_APB2PeriphResetCmd
    stm32f10x_tim.o(i.TIM_DeInit) refers to stm32f10x_rcc.o(i.RCC_APB1PeriphResetCmd) for RCC_APB1PeriphResetCmd
    stm32f10x_tim.o(i.TIM_ETRClockMode1Config) refers to stm32f10x_tim.o(i.TIM_ETRConfig) for TIM_ETRConfig
    stm32f10x_tim.o(i.TIM_ETRClockMode2Config) refers to stm32f10x_tim.o(i.TIM_ETRConfig) for TIM_ETRConfig
    stm32f10x_tim.o(i.TIM_ICInit) refers to stm32f10x_tim.o(i.TI1_Config) for TI1_Config
    stm32f10x_tim.o(i.TIM_ICInit) refers to stm32f10x_tim.o(i.TIM_SetIC1Prescaler) for TIM_SetIC1Prescaler
    stm32f10x_tim.o(i.TIM_ICInit) refers to stm32f10x_tim.o(i.TI2_Config) for TI2_Config
    stm32f10x_tim.o(i.TIM_ICInit) refers to stm32f10x_tim.o(i.TIM_SetIC2Prescaler) for TIM_SetIC2Prescaler
    stm32f10x_tim.o(i.TIM_ICInit) refers to stm32f10x_tim.o(i.TI3_Config) for TI3_Config
    stm32f10x_tim.o(i.TIM_ICInit) refers to stm32f10x_tim.o(i.TIM_SetIC3Prescaler) for TIM_SetIC3Prescaler
    stm32f10x_tim.o(i.TIM_ICInit) refers to stm32f10x_tim.o(i.TI4_Config) for TI4_Config
[...]
    Removing stm32f10x_tim.o(i.TIM_SelectSlaveMode), (18 bytes).
    Removing stm32f10x_tim.o(i.TIM_SetAutoreload), (4 bytes).
    Removing stm32f10x_tim.o(i.TIM_SetClockDivision), (18 bytes).
    Removing stm32f10x_tim.o(i.TIM_SetCompare4), (6 bytes).
    Removing stm32f10x_tim.o(i.TIM_SetCounter), (4 bytes).
    Removing stm32f10x_tim.o(i.TIM_SetIC1Prescaler), (18 bytes).
    Removing stm32f10x_tim.o(i.TIM_SetIC2Prescaler), (26 bytes).
    Removing stm32f10x_tim.o(i.TIM_SetIC3Prescaler), (18 bytes).
    Removing stm32f10x_tim.o(i.TIM_SetIC4Prescaler), (26 bytes).
    Removing stm32f10x_tim.o(i.TIM_TIxExternalClockConfig), (62 bytes).
    Removing stm32f10x_tim.o(i.TIM_UpdateDisableConfig), (24 bytes).
    Removing stm32f10x_tim.o(i.TIM_UpdateRequestConfig), (24 bytes).
    Removing stm32f10x_i2c.o(i.I2C_ARPCmd), (24 bytes).
    Removing stm32f10x_i2c.o(i.I2C_AcknowledgeConfig), (24 bytes).
    Removing stm32f10x_i2c.o(i.I2C_CalculatePEC), (24 bytes).
    Removing stm32f10x_i2c.o(i.I2C_CheckEvent), (42 bytes).
    Removing stm32f10x_i2c.o(i.I2C_ClearFlag), (12 bytes).
    Removing stm32f10x_i2c.o(i.I2C_ClearITPendingBit), (12 bytes).
    Removing stm32f10x_i2c.o(i.I2C_Cmd), (24 bytes).
    Removing stm32f10x_i2c.o(i.I2C_DMACmd), (24 bytes).
    Removing stm32f10x_i2c.o(i.I2C_DMALastTransferCmd), (24 bytes).
    Removing stm32f10x_i2c.o(i.I2C_DeInit), (56 bytes).
    Removing stm32f10x_i2c.o(i.I2C_DualAddressCmd), (24 bytes).
    Removing stm32f10x_i2c.o(i.I2C_FastModeDutyCycleConfig), (28 bytes).
    Removing stm32f10x_i2c.o(i.I2C_GeneralCallCmd), (24 bytes).
    Removing stm32f10x_i2c.o(i.I2C_GenerateSTART), (24 bytes).
    Removing stm32f10x_i2c.o(i.I2C_GenerateSTOP), (24 bytes).
    Removing stm32f10x_i2c.o(i.I2C_GetFlagStatus), (58 bytes).
    Removing stm32f10x_i2c.o(i.I2C_GetITStatus), (38 bytes).
    Removing stm32f10x_i2c.o(i.I2C_GetLastEvent), (26 bytes).
    Removing stm32f10x_i2c.o(i.I2C_GetPEC), (8 bytes).
    Removing stm32f10x_i2c.o(i.I2C_ITConfig), (18 bytes).
    Removing stm32f10x_i2c.o(i.I2C_Init), (236 bytes).
    Removing stm32f10x_i2c.o(i.I2C_NACKPositionConfig), (28 bytes).
    Removing stm32f10x_i2c.o(i.I2C_OwnAddress2Config), (22 bytes).
    Removing stm32f10x_i2c.o(i.I2C_PECPositionConfig), (28 bytes).
    Removing stm32f10x_i2c.o(i.I2C_ReadRegister), (22 bytes).
    Removing stm32f10x_i2c.o(i.I2C_ReceiveData), (8 bytes).
    Removing stm32f10x_i2c.o(i.I2C_SMBusAlertConfig), (28 bytes).
    Removing stm32f10x_i2c.o(i.I2C_Send7bitAddress), (18 bytes).
    Removing stm32f10x_i2c.o(i.I2C_SendData), (4 bytes).
    Removing stm32f10x_i2c.o(i.I2C_SoftwareResetCmd), (22 bytes).
    Removing stm32f10x_i2c.o(i.I2C_StretchClockCmd), (24 bytes).
    Removing stm32f10x_i2c.o(i.I2C_StructInit), (30 bytes).
    Removing stm32f10x_i2c.o(i.I2C_TransmitPEC), (24 bytes).
    Removing stm32f10x_spi.o(i.I2S_Cmd), (24 bytes).
    Removing stm32f10x_spi.o(i.I2S_Init), (232 bytes).
    Removing stm32f10x_spi.o(i.I2S_StructInit), (20 bytes).
    Removing stm32f10x_spi.o(i.SPI_BiDirectionalLineConfig), (28 bytes).
    Removing stm32f10x_spi.o(i.SPI_CalculateCRC), (24 bytes).
    Removing stm32f10x_spi.o(i.SPI_DataSizeConfig), (18 bytes).
    Removing stm32f10x_spi.o(i.SPI_GetCRC), (16 bytes).
    Removing stm32f10x_spi.o(i.SPI_GetCRCPolynomial), (6 bytes).
    Removing stm32f10x_spi.o(i.SPI_I2S_ClearFlag), (6 bytes).
    Removing stm32f10x_spi.o(i.SPI_I2S_ClearITPendingBit), (20 bytes).
    Removing stm32f10x_spi.o(i.SPI_I2S_DMACmd), (18 bytes).
    Removing stm32f10x_spi.o(i.SPI_I2S_DeInit), (88 bytes).
    Removing stm32f10x_spi.o(i.SPI_I2S_GetFlagStatus), (18 bytes).
    Removing stm32f10x_spi.o(i.SPI_I2S_GetITStatus), (52 bytes).
    Removing stm32f10x_spi.o(i.SPI_I2S_ITConfig), (32 bytes).
    Removing stm32f10x_spi.o(i.SPI_I2S_ReceiveData), (6 bytes).
    Removing stm32f10x_spi.o(i.SPI_I2S_SendData), (4 bytes).
    Removing stm32f10x_spi.o(i.SPI_NSSInternalSoftwareConfig), (30 bytes).
    Removing stm32f10x_spi.o(i.SPI_SSOutputCmd), (24 bytes).
    Removing stm32f10x_spi.o(i.SPI_StructInit), (24 bytes).
    Removing stm32f10x_spi.o(i.SPI_TransmitCRC), (10 bytes).
    Removing can.o(i.CANSendCrash), (80 bytes).
    Removing can.o(i.CAN_Configuration), (284 bytes).
    Removing delay.o(i.delay_ms), (28 bytes).
    Removing pid.o(i.Cal), (2 bytes).
    Removing pid.o(i.PIDCalc), (134 bytes).
    Removing pid.o(i.PID_Init), (60 bytes).
    Removing pid.o(.bss), (88 bytes).
    Removing svpwm.o(i.SVPWM_3ShuntGetPhaseCurrentValues), (88 bytes).
    Removing transform.o(i.Clarke), (72 bytes).
    Removing transform.o(i.Park), (150 bytes).
    Removing transform.o(i.RevPark_Circle_Limitation), (96 bytes).
    Removing transform.o(i.Rev_Park), (152 bytes).
    Removing transform.o(i.Trig_Functions), (188 bytes).
    Removing transform.o(.constdata), (648 bytes).
    Removing core_cm3.o(.emb_text), (32 bytes).
    Removing system_stm32f10x.o(i.SystemCoreClockUpdate), (164 bytes).
    Removing system_stm32f10x.o(.data), (20 bytes).

270 unused section(s) (total 12342 bytes) removed from the image.

==============================================================================

Image Symbol Table

    Local Symbols

    Symbol Name                              Value     Ov Type        Size  Object(Section)

    ../clib/angel/boardlib.s                 0x00000000   Number         0  boardshut.o ABSOLUTE
    ../clib/angel/boardlib.s                 0x00000000   Number         0  boardinit3.o ABSOLUTE
    ../clib/angel/boardlib.s                 0x00000000   Number         0  boardinit2.o ABSOLUTE
    ../clib/angel/boardlib.s                 0x00000000   Number         0  boardinit1.o ABSOLUTE
    ../clib/angel/handlers.s                 0x00000000   Number         0  __scatter_zi.o ABSOLUTE
    ../clib/angel/handlers.s                 0x00000000   Number         0  __scatter_copy.o ABSOLUTE
    ../clib/angel/kernel.s                   0x00000000   Number         0  __rtentry2.o ABSOLUTE
    ../clib/angel/kernel.s                   0x00000000   Number         0  __rtentry.o ABSOLUTE
    ../clib/angel/kernel.s                   0x00000000   Number         0  rtexit2.o ABSOLUTE
    ../clib/angel/kernel.s                   0x00000000   Number         0  rtexit.o ABSOLUTE
    ../clib/angel/kernel.s                   0x00000000   Number         0  __rtentry4.o ABSOLUTE
    ../clib/angel/rt.s                       0x00000000   Number         0  rt_raise.o ABSOLUTE
    ../clib/angel/rt.s                       0x00000000   Number         0  rt_errno_addr.o ABSOLUTE
    ../clib/angel/rt.s                       0x00000000   Number         0  rt_errno_addr_intlibspace.o ABSOLUTE
    ../clib/angel/scatter.s                  0x00000000   Number         0  __scatter.o ABSOLUTE
    ../clib/angel/startup.s                  0x00000000   Number         0  __main.o ABSOLUTE
    ../clib/angel/sys.s                      0x00000000   Number         0  libspace.o ABSOLUTE
    ../clib/angel/sys.s                      0x00000000   Number         0  indicate_semi.o ABSOLUTE
    ../clib/angel/sys.s                      0x00000000   Number         0  use_no_semi.o ABSOLUTE
    ../clib/angel/sys.s                      0x00000000   Number         0  sys_stackheap_outer.o ABSOLUTE
    ../clib/angel/sysapp.c                   0x00000000   Number         0  sys_exit.o ABSOLUTE
    ../clib/angel/sysapp.c                   0x00000000   Number         0  sys_command.o ABSOLUTE
    ../clib/angel/sysapp.c                   0x00000000   Number         0  sys_wrch.o ABSOLUTE
    ../clib/armsys.c                         0x00000000   Number         0  argv_veneer.o ABSOLUTE
    ../clib/armsys.c                         0x00000000   Number         0  _get_argv_nomalloc.o ABSOLUTE
    ../clib/armsys.c                         0x00000000   Number         0  no_argv.o ABSOLUTE
    ../clib/armsys.c                         0x00000000   Number         0  argv_veneer.o ABSOLUTE
    ../clib/fenv.c                           0x00000000   Number         0  _rserrno.o ABSOLUTE
    ../clib/heapalloc.c                      0x00000000   Number         0  hrguard.o ABSOLUTE
    ../clib/heapaux.c                        0x00000000   Number         0  heapauxi.o ABSOLUTE
    ../clib/libinit.s                        0x00000000   Number         0  libshutdown.o ABSOLUTE
    ../clib/libinit.s                        0x00000000   Number         0  libinit2.o ABSOLUTE
    ../clib/libinit.s                        0x00000000   Number         0  libinit.o ABSOLUTE
    ../clib/libinit.s                        0x00000000   Number         0  libshutdown2.o ABSOLUTE
    ../clib/signal.c                         0x00000000   Number         0  defsig_general.o ABSOLUTE
    ../clib/signal.c                         0x00000000   Number         0  defsig_rtmem_inner.o ABSOLUTE
    ../clib/signal.c                         0x00000000   Number         0  defsig_fpe_inner.o ABSOLUTE
    ../clib/signal.c                         0x00000000   Number         0  defsig_abrt_inner.o ABSOLUTE
    ../clib/signal.c                         0x00000000   Number         0  defsig_cppl_inner.o ABSOLUTE
    ../clib/signal.c                         0x00000000   Number         0  defsig_exit.o ABSOLUTE
    ../clib/signal.c                         0x00000000   Number         0  __raise.o ABSOLUTE
    ../clib/signal.c                         0x00000000   Number         0  defsig_rtmem_outer.o ABSOLUTE
    ../clib/signal.c                         0x00000000   Number         0  defsig_rtmem_formal.o ABSOLUTE
    ../clib/signal.c                         0x00000000   Number         0  defsig_rtred_inner.o ABSOLUTE
    ../clib/signal.c                         0x00000000   Number         0  defsig_stak_inner.o ABSOLUTE
    ../clib/signal.c                         0x00000000   Number         0  defsig_pvfn_inner.o ABSOLUTE
    ../clib/signal.c                         0x00000000   Number         0  defsig_segv_inner.o ABSOLUTE
    ../clib/signal.c                         0x00000000   Number         0  defsig_other.o ABSOLUTE
    ../clib/signal.s                         0x00000000   Number         0  defsig.o ABSOLUTE
    ../clib/stdlib.c                         0x00000000   Number         0  exit.o ABSOLUTE
    ../fplib/d2f.s                           0x00000000   Number         0  d2f.o ABSOLUTE
    ../fplib/daddsub.s                       0x00000000   Number         0  daddsub_clz.o ABSOLUTE
    ../fplib/dcheck1.s                       0x00000000   Number         0  dcheck1.o ABSOLUTE
    ../fplib/ddiv.s                          0x00000000   Number         0  ddiv.o ABSOLUTE
    ../fplib/dfix.s                          0x00000000   Number         0  dfix.o ABSOLUTE
    ../fplib/dflt.s                          0x00000000   Number         0  dflt_clz.o ABSOLUTE
    ../fplib/dmul.s                          0x00000000   Number         0  dmul.o ABSOLUTE
    ../fplib/dnaninf.s                       0x00000000   Number         0  dnaninf.o ABSOLUTE
    ../fplib/dretinf.s                       0x00000000   Number         0  dretinf.o ABSOLUTE
    ../fplib/f2d.s                           0x00000000   Number         0  f2d.o ABSOLUTE
    ../fplib/faddsub.s                       0x00000000   Number         0  faddsub_clz.o ABSOLUTE
    ../fplib/fcmpi.s                         0x00000000   Number         0  fcmpi.o ABSOLUTE
    ../fplib/fdiv.s                          0x00000000   Number         0  fdiv.o ABSOLUTE
    ../fplib/fflt.s                          0x00000000   Number         0  fflt_clz.o ABSOLUTE
    ../fplib/fleqf.s                         0x00000000   Number         0  fleqf.o ABSOLUTE
    ../fplib/fmul.s                          0x00000000   Number         0  fmul.o ABSOLUTE
    ../fplib/fnaninf.s                       0x00000000   Number         0  fnaninf.o ABSOLUTE
    ../fplib/fpinit.s                        0x00000000   Number         0  fpinit.o ABSOLUTE
    ../fplib/fretinf.s                       0x00000000   Number         0  fretinf.o ABSOLUTE
    ../fplib/frleqf.s                        0x00000000   Number         0  frleqf.o ABSOLUTE
    ../fplib/retnan.s                        0x00000000   Number         0  retnan.o ABSOLUTE
    ../fplib/scalbn.s                        0x00000000   Number         0  scalbn.o ABSOLUTE
    ../fplib/trapv.s                         0x00000000   Number         0  trapv.o ABSOLUTE
    ../fplib/usenofp.s                       0x00000000   Number         0  usenofp.o ABSOLUTE
    ../mathlib/cos.c                         0x00000000   Number         0  cos.o ABSOLUTE
    ../mathlib/cos.c                         0x00000000   Number         0  cos_x.o ABSOLUTE
    ../mathlib/cos_i.c                       0x00000000   Number         0  cos_i.o ABSOLUTE
    ../mathlib/dunder.c                      0x00000000   Number         0  dunder.o ABSOLUTE
    ../mathlib/fpclassify.c                  0x00000000   Number         0  fpclassify.o ABSOLUTE
    ../mathlib/poly.c                        0x00000000   Number         0  poly.o ABSOLUTE
    ../mathlib/rred.c                        0x00000000   Number         0  rred.o ABSOLUTE
    ../mathlib/sin.c                         0x00000000   Number         0  sin_x.o ABSOLUTE
    ../mathlib/sin.c                         0x00000000   Number         0  sin.o ABSOLUTE
    ../mathlib/sin_i.c                       0x00000000   Number         0  sin_i.o ABSOLUTE
    ../mathlib/sin_i.c                       0x00000000   Number         0  sin_i_x.o ABSOLUTE
    ..\CM3\core_cm3.c                        0x00000000   Number         0  core_cm3.o ABSOLUTE
    ..\CM3\startup_stm32f10x_md.s            0x00000000   Number         0  startup_stm32f10x_md.o ABSOLUTE
    ..\CM3\system_stm32f10x.c                0x00000000   Number         0  system_stm32f10x.o ABSOLUTE
    ..\Hardware\PID.c                        0x00000000   Number         0  pid.o ABSOLUTE
    ..\Hardware\adc.c                        0x00000000   Number         0  adc.o ABSOLUTE
    ..\Hardware\can.c                        0x00000000   Number         0  can.o ABSOLUTE
    ..\Hardware\delay.c                      0x00000000   Number         0  delay.o ABSOLUTE
    ..\Hardware\pwm.c                        0x00000000   Number         0  pwm.o ABSOLUTE
    ..\Hardware\spi.c                        0x00000000   Number         0  spi.o ABSOLUTE
    ..\Hardware\svpwm.c                      0x00000000   Number         0  svpwm.o ABSOLUTE
    ..\Hardware\transform.c                  0x00000000   Number         0  transform.o ABSOLUTE
    ..\Libraries\misc.c                      0x00000000   Number         0  misc.o ABSOLUTE
    ..\Libraries\stm32f10x_adc.c             0x00000000   Number         0  stm32f10x_adc.o ABSOLUTE
    ..\Libraries\stm32f10x_can.c             0x00000000   Number         0  stm32f10x_can.o ABSOLUTE
    ..\Libraries\stm32f10x_dma.c             0x00000000   Number         0  stm32f10x_dma.o ABSOLUTE
    ..\Libraries\stm32f10x_flash.c           0x00000000   Number         0  stm32f10x_flash.o ABSOLUTE
    ..\Libraries\stm32f10x_gpio.c            0x00000000   Number         0  stm32f10x_gpio.o ABSOLUTE
    ..\Libraries\stm32f10x_i2c.c             0x00000000   Number         0  stm32f10x_i2c.o ABSOLUTE
    ..\Libraries\stm32f10x_rcc.c             0x00000000   Number         0  stm32f10x_rcc.o ABSOLUTE
    ..\Libraries\stm32f10x_spi.c             0x00000000   Number         0  stm32f10x_spi.o ABSOLUTE
    ..\Libraries\stm32f10x_tim.c             0x00000000   Number         0  stm32f10x_tim.o ABSOLUTE
    ..\User\main.c                           0x00000000   Number         0  main.o ABSOLUTE
    ..\User\stm32f10x_it.c                   0x00000000   Number         0  stm32f10x_it.o ABSOLUTE
    ..\\CM3\\core_cm3.c                      0x00000000   Number         0  core_cm3.o ABSOLUTE
    dc.s                                     0x00000000   Number         0  dc.o ABSOLUTE
    RESET                                    0x08000000   Section      236  startup_stm32f10x_md.o(RESET)
    !!!main                                  0x080000ec   Section        8  __main.o(!!!main)
    !!!scatter                               0x080000f4   Section       52  __scatter.o(!!!scatter)
    !!handler_copy                           0x08000128   Section       26  __scatter_copy.o(!!handler_copy)
    !!handler_zi                             0x08000144   Section       28  __scatter_zi.o(!!handler_zi)
    .ARM.Collect$$libinit$$00000000          0x08000160   Section        2  libinit.o(.ARM.Collect$$libinit$$00000000)
    .ARM.Collect$$libinit$$00000002          0x08000162   Section        0  libinit2.o(.ARM.Collect$$libinit$$00000002)
    .ARM.Collect$$libinit$$00000004          0x08000162   Section        0  libinit2.o(.ARM.Collect$$libinit$$00000004)
    .ARM.Collect$$libinit$$0000000A          0x08000162   Section        0  libinit2.o(.ARM.Collect$$libinit$$0000000A)
    .ARM.Collect$$libinit$$0000000C          0x08000162   Section        0  libinit2.o(.ARM.Collect$$libinit$$0000000C)
    .ARM.Collect$$libinit$$0000000E          0x08000162   Section        0  libinit2.o(.ARM.Collect$$libinit$$0000000E)
    .ARM.Collect$$libinit$$00000011          0x08000162   Section        0  libinit2.o(.ARM.Collect$$libinit$$00000011)
    .ARM.Collect$$libinit$$00000013          0x08000162   Section        0  libinit2.o(.ARM.Collect$$libinit$$00000013)
    .ARM.Collect$$libinit$$00000015          0x08000162   Section        0  libinit2.o(.ARM.Collect$$libinit$$00000015)
    .ARM.Collect$$libinit$$00000017          0x08000162   Section        0  libinit2.o(.ARM.Collect$$libinit$$00000017)
    .ARM.Collect$$libinit$$00000019          0x08000162   Section        0  libinit2.o(.ARM.Collect$$libinit$$00000019)
    .ARM.Collect$$libinit$$0000001B          0x08000162   Section        0  libinit2.o(.ARM.Collect$$libinit$$0000001B)
    .ARM.Collect$$libinit$$0000001D          0x08000162   Section        0  libinit2.o(.ARM.Collect$$libinit$$0000001D)
    .ARM.Collect$$libinit$$0000001F          0x08000162   Section        0  libinit2.o(.ARM.Collect$$libinit$$0000001F)
    .ARM.Collect$$libinit$$00000021          0x08000162   Section        0  libinit2.o(.ARM.Collect$$libinit$$00000021)
    .ARM.Collect$$libinit$$00000023          0x08000162   Section        0  libinit2.o(.ARM.Collect$$libinit$$00000023)
    .ARM.Collect$$libinit$$00000025          0x08000162   Section        0  libinit2.o(.ARM.Collect$$libinit$$00000025)
    .ARM.Collect$$libinit$$0000002C          0x08000162   Section        0  libinit2.o(.ARM.Collect$$libinit$$0000002C)
    .ARM.Collect$$libinit$$0000002E          0x08000162   Section        0  libinit2.o(.ARM.Collect$$libinit$$0000002E)
    .ARM.Collect$$libinit$$00000030          0x08000162   Section        0  libinit2.o(.ARM.Collect$$libinit$$00000030)
    .ARM.Collect$$libinit$$00000032          0x08000162   Section        0  libinit2.o(.ARM.Collect$$libinit$$00000032)
    .ARM.Collect$$libinit$$00000033          0x08000162   Section        2  libinit2.o(.ARM.Collect$$libinit$$00000033)
    .ARM.Collect$$libshutdown$$00000000      0x08000164   Section        2  libshutdown.o(.ARM.Collect$$libshutdown$$00000000)
    .ARM.Collect$$libshutdown$$00000002      0x08000166   Section        0  libshutdown2.o(.ARM.Collect$$libshutdown$$00000002)
    .ARM.Collect$$libshutdown$$00000004      0x08000166   Section        0  libshutdown2.o(.ARM.Collect$$libshutdown$$00000004)
    .ARM.Collect$$libshutdown$$00000007      0x08000166   Section        0  libshutdown2.o(.ARM.Collect$$libshutdown$$00000007)
    .ARM.Collect$$libshutdown$$0000000A      0x08000166   Section        0  libshutdown2.o(.ARM.Collect$$libshutdown$$0000000A)
    .ARM.Collect$$libshutdown$$0000000C      0x08000166   Section        0  libshutdown2.o(.ARM.Collect$$libshutdown$$0000000C)
    .ARM.Collect$$libshutdown$$0000000F      0x08000166   Section        0  libshutdown2.o(.ARM.Collect$$libshutdown$$0000000F)
    .ARM.Collect$$libshutdown$$00000010      0x08000166   Section        2  libshutdown2.o(.ARM.Collect$$libshutdown$$00000010)
    .ARM.Collect$$rtentry$$00000000          0x08000168   Section        0  __rtentry.o(.ARM.Collect$$rtentry$$00000000)
    .ARM.Collect$$rtentry$$00000002          0x08000168   Section        0  __rtentry2.o(.ARM.Collect$$rtentry$$00000002)
    .ARM.Collect$$rtentry$$00000004          0x08000168   Section        6  __rtentry4.o(.ARM.Collect$$rtentry$$00000004)
    .ARM.Collect$$rtentry$$00000009          0x0800016e   Section        0  __rtentry2.o(.ARM.Collect$$rtentry$$00000009)
    .ARM.Collect$$rtentry$$0000000A          0x0800016e   Section        4  __rtentry2.o(.ARM.Collect$$rtentry$$0000000A)
    .ARM.Collect$$rtentry$$0000000C          0x08000172   Section        0  __rtentry2.o(.ARM.Collect$$rtentry$$0000000C)
    .ARM.Collect$$rtentry$$0000000D          0x08000172   Section        8  __rtentry2.o(.ARM.Collect$$rtentry$$0000000D)
    .ARM.Collect$$rtexit$$00000000           0x0800017a   Section        2  rtexit.o(.ARM.Collect$$rtexit$$00000000)
    .ARM.Collect$$rtexit$$00000002           0x0800017c   Section        0  rtexit2.o(.ARM.Collect$$rtexit$$00000002)
    .ARM.Collect$$rtexit$$00000003           0x0800017c   Section        4  rtexit2.o(.ARM.Collect$$rtexit$$00000003)
    .ARM.Collect$$rtexit$$00000004           0x08000180   Section        6  rtexit2.o(.ARM.Collect$$rtexit$$00000004)
    .text                                    0x08000188   Section       64  startup_stm32f10x_md.o(.text)
    .text                                    0x080001c8   Section        0  heapauxi.o(.text)
    .text                                    0x080001ce   Section        0  _rserrno.o(.text)
    .text                                    0x080001e4   Section        8  rt_errno_addr_intlibspace.o(.text)
    .text                                    0x080001ec   Section        8  libspace.o(.text)
    .text                                    0x080001f4   Section       74  sys_stackheap_outer.o(.text)
    .text                                    0x0800023e   Section        0  exit.o(.text)
    .text                                    0x08000250   Section        0  sys_exit.o(.text)
    .text                                    0x0800025c   Section        2  use_no_semi.o(.text)
    .text                                    0x0800025e   Section        0  indicate_semi.o(.text)
    i.ADC1_2_IRQHandler                      0x08000260   Section        0  adc.o(i.ADC1_2_IRQHandler)
    i.ADC_ClearITPendingBit                  0x080002cc   Section        0  stm32f10x_adc.o(i.ADC_ClearITPendingBit)
    i.ADC_Cmd                                0x080002d6   Section        0  stm32f10x_adc.o(i.ADC_Cmd)
    i.ADC_DMACmd                             0x080002ec   Section        0  stm32f10x_adc.o(i.ADC_DMACmd)
    i.ADC_GetCalibrationStatus               0x08000302   Section        0  stm32f10x_adc.o(i.ADC_GetCalibrationStatus)
    i.ADC_GetITStatus                        0x08000316   Section        0  stm32f10x_adc.o(i.ADC_GetITStatus)
    i.ADC_GetResetCalibrationStatus          0x0800033a   Section        0  stm32f10x_adc.o(i.ADC_GetResetCalibrationStatus)
    i.ADC_ITConfig                           0x0800034e   Section        0  stm32f10x_adc.o(i.ADC_ITConfig)
    i.ADC_Init                               0x08000368   Section        0  stm32f10x_adc.o(i.ADC_Init)
    i.ADC_RegularChannelConfig               0x080003b8   Section        0  stm32f10x_adc.o(i.ADC_RegularChannelConfig)
    i.ADC_ResetCalibration                   0x08000470   Section        0  stm32f10x_adc.o(i.ADC_ResetCalibration)
    i.ADC_SoftwareStartConvCmd               0x0800047a   Section        0  stm32f10x_adc.o(i.ADC_SoftwareStartConvCmd)
    i.ADC_StartCalibration                   0x08000490   Section        0  stm32f10x_adc.o(i.ADC_StartCalibration)
    i.ADC_config                             0x0800049c   Section        0  adc.o(i.ADC_config)
    i.BusFault_Handler                       0x08000604   Section        0  stm32f10x_it.o(i.BusFault_Handler)
    i.CAN_ClearITPendingBit                  0x08000608   Section        0  stm32f10x_can.o(i.CAN_ClearITPendingBit)
    i.CAN_GetITStatus                        0x080006b0   Section        0  stm32f10x_can.o(i.CAN_GetITStatus)
    i.CAN_Receive                            0x080007d0   Section        0  stm32f10x_can.o(i.CAN_Receive)
    i.CheckITStatus                          0x080008c0   Section        0  stm32f10x_can.o(i.CheckITStatus)
    CheckITStatus                            0x080008c1   Thumb Code    18  stm32f10x_can.o(i.CheckITStatus)
    i.ClearAndNop                            0x080008d4   Section        0  spi.o(i.ClearAndNop)
    i.CollectData                            0x08000914   Section        0  spi.o(i.CollectData)
    i.DMA1_Channel1_IRQHandler               0x080009e4   Section        0  adc.o(i.DMA1_Channel1_IRQHandler)
    i.DMA_ClearITPendingBit                  0x08000a38   Section        0  stm32f10x_dma.o(i.DMA_ClearITPendingBit)
    i.DMA_Cmd                                0x08000a54   Section        0  stm32f10x_dma.o(i.DMA_Cmd)
    i.DMA_DeInit                             0x08000a6c   Section        0  stm32f10x_dma.o(i.DMA_DeInit)
    i.DMA_GetITStatus                        0x08000bb8   Section        0  stm32f10x_dma.o(i.DMA_GetITStatus)
    i.DMA_ITConfig                           0x08000be4   Section        0  stm32f10x_dma.o(i.DMA_ITConfig)
    i.DMA_Init                               0x08000bf6   Section        0  stm32f10x_dma.o(i.DMA_Init)
    i.DebugMon_Handler                       0x08000c32   Section        0  stm32f10x_it.o(i.DebugMon_Handler)
    i.GPIO_Init                              0x08000c34   Section        0  stm32f10x_gpio.o(i.GPIO_Init)
    i.GPIO_PinLockConfig                     0x08000d4a   Section        0  stm32f10x_gpio.o(i.GPIO_PinLockConfig)
    i.GPIO_ResetBits                         0x08000d5c   Section        0  stm32f10x_gpio.o(i.GPIO_ResetBits)
    i.GPIO_SetBits                           0x08000d60   Section        0  stm32f10x_gpio.o(i.GPIO_SetBits)
    i.HardFault_Handler                      0x08000d64   Section        0  stm32f10x_it.o(i.HardFault_Handler)
    i.MemManage_Handler                      0x08000d68   Section        0  stm32f10x_it.o(i.MemManage_Handler)
    i.NMI_Handler                            0x08000d6c   Section        0  stm32f10x_it.o(i.NMI_Handler)
    i.NVIC_Init                              0x08000d70   Section        0  misc.o(i.NVIC_Init)
    i.NVIC_PriorityGroupConfig               0x08000de0   Section        0  misc.o(i.NVIC_PriorityGroupConfig)
    i.PWM_Motor_Configuration                0x08000df4   Section        0  pwm.o(i.PWM_Motor_Configuration)
    i.PendSV_Handler                         0x08000f60   Section        0  stm32f10x_it.o(i.PendSV_Handler)
    i.RCC_ADCCLKConfig                       0x08000f64   Section        0  stm32f10x_rcc.o(i.RCC_ADCCLKConfig)
    i.RCC_AHBPeriphClockCmd                  0x08000f7c   Section        0  stm32f10x_rcc.o(i.RCC_AHBPeriphClockCmd)
    i.RCC_APB1PeriphResetCmd                 0x08000f9c   Section        0  stm32f10x_rcc.o(i.RCC_APB1PeriphResetCmd)
    i.RCC_APB2PeriphClockCmd                 0x08000fbc   Section        0  stm32f10x_rcc.o(i.RCC_APB2PeriphClockCmd)
    i.RCC_APB2PeriphResetCmd                 0x08000fdc   Section        0  stm32f10x_rcc.o(i.RCC_APB2PeriphResetCmd)
    i.SPI_Cmd                                0x08000ffc   Section        0  stm32f10x_spi.o(i.SPI_Cmd)
    i.SPI_Configuration                      0x08001014   Section        0  spi.o(i.SPI_Configuration)
    i.SPI_Init                               0x080010a8   Section        0  stm32f10x_spi.o(i.SPI_Init)
    i.SVC_Handler                            0x080010e4   Section        0  stm32f10x_it.o(i.SVC_Handler)
    i.SVPWM_3ShuntCalcDutyCycles             0x080010e8   Section        0  svpwm.o(i.SVPWM_3ShuntCalcDutyCycles)
    i.SetSysClock                            0x08001318   Section        0  system_stm32f10x.o(i.SetSysClock)
    SetSysClock                              0x08001319   Thumb Code     8  system_stm32f10x.o(i.SetSysClock)
    i.SetSysClockTo72                        0x08001320   Section        0  system_stm32f10x.o(i.SetSysClockTo72)
    SetSysClockTo72                          0x08001321   Thumb Code   214  system_stm32f10x.o(i.SetSysClockTo72)
    i.SysTick_Handler                        0x08001400   Section        0  main.o(i.SysTick_Handler)
    i.SystemInit                             0x08001618   Section        0  system_stm32f10x.o(i.SystemInit)
    i.TIM1_UP_IRQHandler                     0x08001678   Section        0  pwm.o(i.TIM1_UP_IRQHandler)
    i.TIM_ARRPreloadConfig                   0x080016b0   Section        0  stm32f10x_tim.o(i.TIM_ARRPreloadConfig)
    i.TIM_BDTRConfig                         0x080016c8   Section        0  stm32f10x_tim.o(i.TIM_BDTRConfig)
    i.TIM_ClearFlag                          0x080016e8   Section        0  stm32f10x_tim.o(i.TIM_ClearFlag)
    i.TIM_Cmd                                0x080016ee   Section        0  stm32f10x_tim.o(i.TIM_Cmd)
    i.TIM_CtrlPWMOutputs                     0x08001706   Section        0  stm32f10x_tim.o(i.TIM_CtrlPWMOutputs)
    i.TIM_DeInit                             0x08001724   Section        0  stm32f10x_tim.o(i.TIM_DeInit)
    i.TIM_ITConfig                           0x0800190c   Section        0  stm32f10x_tim.o(i.TIM_ITConfig)
    i.TIM_OC1Init                            0x08001920   Section        0  stm32f10x_tim.o(i.TIM_OC1Init)
    i.TIM_OC2Init                            0x080019b8   Section        0  stm32f10x_tim.o(i.TIM_OC2Init)
    i.TIM_OC3Init                            0x08001a5c   Section        0  stm32f10x_tim.o(i.TIM_OC3Init)
    i.TIM_SetCompare1                        0x08001afc   Section        0  stm32f10x_tim.o(i.TIM_SetCompare1)
    i.TIM_SetCompare2                        0x08001b00   Section        0  stm32f10x_tim.o(i.TIM_SetCompare2)
    i.TIM_SetCompare3                        0x08001b04   Section        0  stm32f10x_tim.o(i.TIM_SetCompare3)
    i.TIM_TimeBaseInit                       0x08001b08   Section        0  stm32f10x_tim.o(i.TIM_TimeBaseInit)
    i.TIM_TimeBaseStructInit                 0x08001bac   Section        0  stm32f10x_tim.o(i.TIM_TimeBaseStructInit)
    i.USB_HP_CAN1_TX_IRQHandler              0x08001bc0   Section        0  can.o(i.USB_HP_CAN1_TX_IRQHandler)
    i.USB_LP_CAN1_RX0_IRQHandler             0x08001bdc   Section        0  can.o(i.USB_LP_CAN1_RX0_IRQHandler)
    i.UsageFault_Handler                     0x08001c04   Section        0  stm32f10x_it.o(i.UsageFault_Handler)
    i.__ARM_fpclassify                       0x08001c08   Section        0  fpclassify.o(i.__ARM_fpclassify)
    i.__ieee754_rem_pio2                     0x08001c30   Section        0  rred.o(i.__ieee754_rem_pio2)
    i.__kernel_cos                           0x08001fb8   Section        0  cos_i.o(i.__kernel_cos)
    i.__kernel_poly                          0x080020b4   Section        0  poly.o(i.__kernel_poly)
    i.__kernel_sin                           0x08002160   Section        0  sin_i.o(i.__kernel_sin)
    i.__mathlib_dbl_infnan                   0x0800224c   Section        0  dunder.o(i.__mathlib_dbl_infnan)
    i.__mathlib_dbl_invalid                  0x08002252   Section        0  dunder.o(i.__mathlib_dbl_invalid)
    i.__mathlib_dbl_underflow                0x08002260   Section        0  dunder.o(i.__mathlib_dbl_underflow)
    i.cos                                    0x08002270   Section        0  cos.o(i.cos)
    i.delay_us                               0x0800230c   Section        0  delay.o(i.delay_us)
    i.gpio_mode_af                           0x08002326   Section        0  spi.o(i.gpio_mode_af)
    i.gpio_mode_out                          0x08002346   Section        0  spi.o(i.gpio_mode_out)
    i.main                                   0x08002368   Section        0  main.o(i.main)
    i.set_PWM_x                              0x080023d0   Section        0  pwm.o(i.set_PWM_x)
    i.sin                                    0x0800240c   Section        0  sin.o(i.sin)
    i.spi1_read_write_byte                   0x080024ac   Section        0  spi.o(i.spi1_read_write_byte)
    x$fpl$d2f                                0x080024f0   Section       98  d2f.o(x$fpl$d2f)
    x$fpl$dadd                               0x08002554   Section      336  daddsub_clz.o(x$fpl$dadd)
    _dadd1                                   0x08002565   Thumb Code     0  daddsub_clz.o(x$fpl$dadd)
    x$fpl$dcheck1                            0x080026a4   Section       16  dcheck1.o(x$fpl$dcheck1)
    x$fpl$ddiv                               0x080026b4   Section      688  ddiv.o(x$fpl$ddiv)
    ddiv_entry                               0x080026bb   Thumb Code     0  ddiv.o(x$fpl$ddiv)
    x$fpl$dfix                               0x08002964   Section       94  dfix.o(x$fpl$dfix)
    x$fpl$dflt                               0x080029c2   Section       46  dflt_clz.o(x$fpl$dflt)
    x$fpl$dfltu                              0x080029f0   Section       38  dflt_clz.o(x$fpl$dfltu)
    x$fpl$dmul                               0x08002a18   Section      340  dmul.o(x$fpl$dmul)
    x$fpl$dnaninf                            0x08002b6c   Section      156  dnaninf.o(x$fpl$dnaninf)
    x$fpl$dretinf                            0x08002c08   Section       12  dretinf.o(x$fpl$dretinf)
    x$fpl$drsb                               0x08002c14   Section       22  daddsub_clz.o(x$fpl$drsb)
    x$fpl$dsub                               0x08002c2c   Section      468  daddsub_clz.o(x$fpl$dsub)
    _dsub1                                   0x08002c3d   Thumb Code     0  daddsub_clz.o(x$fpl$dsub)
    x$fpl$f2d                                0x08002e00   Section       86  f2d.o(x$fpl$f2d)
    x$fpl$fdiv                               0x08002e58   Section      388  fdiv.o(x$fpl$fdiv)
    _fdiv1                                   0x08002e59   Thumb Code     0  fdiv.o(x$fpl$fdiv)
    x$fpl$fflt                               0x08002fdc   Section       48  fflt_clz.o(x$fpl$fflt)
    x$fpl$fnaninf                            0x0800300c   Section      140  fnaninf.o(x$fpl$fnaninf)
    x$fpl$fretinf                            0x08003098   Section       10  fretinf.o(x$fpl$fretinf)
    x$fpl$retnan                             0x080030a2   Section      100  retnan.o(x$fpl$retnan)
    x$fpl$scalbn                             0x08003106   Section       92  scalbn.o(x$fpl$scalbn)
    x$fpl$trapveneer                         0x08003162   Section       48  trapv.o(x$fpl$trapveneer)
    x$fpl$usenofp                            0x08003192   Section        0  usenofp.o(x$fpl$usenofp)
    .constdata                               0x08003198   Section       16  spi.o(.constdata)
    .constdata                               0x080031a8   Section       48  cos_i.o(.constdata)
    C                                        0x080031a8   Data          48  cos_i.o(.constdata)
    .constdata                               0x080031d8   Section      200  rred.o(.constdata)
    pio2s                                    0x080031d8   Data          48  rred.o(.constdata)
    twooverpi                                0x08003208   Data         152  rred.o(.constdata)
    .constdata                               0x080032a0   Section       40  sin_i.o(.constdata)
    S                                        0x080032a0   Data          40  sin_i.o(.constdata)
    .data                                    0x20000000   Section       38  main.o(.data)
    .data                                    0x20000028   Section       56  adc.o(.data)
    .bss                                     0x20000060   Section       16  main.o(.bss)
    .bss                                     0x20000070   Section       12  svpwm.o(.bss)
    .bss                                     0x2000007c   Section       96  libspace.o(.bss)
    HEAP                                     0x200000e0   Section      512  startup_stm32f10x_md.o(HEAP)
    Heap_Mem                                 0x200000e0   Data         512  startup_stm32f10x_md.o(HEAP)
    STACK                                    0x200002e0   Section     1024  startup_stm32f10x_md.o(STACK)
    Stack_Mem                                0x200002e0   Data        1024  startup_stm32f10x_md.o(STACK)
    __initial_sp                             0x200006e0   Data           0  startup_stm32f10x_md.o(STACK)

    Global Symbols

    Symbol Name                              Value     Ov Type        Size  Object(Section)

    BuildAttributes$$THM_ISAv4$P$D$K$B$S$PE$A:L22UL41UL21$X:L11$S22US41US21$IEEE1$IW$USESV6$~STKCKD$USESV7$~SHL$OTIME$ROPI$IEEEX$EBA8$UX$STANDARDLIB$REQ8$PRES8$EABIv2 0x00000000   Number         0  anon$$obj.o ABSOLUTE
    __ARM_use_no_argv                        0x00000000   Number         0  main.o ABSOLUTE
    __ARM_exceptions_init                     - Undefined Weak Reference
    __alloca_initialize                       - Undefined Weak Reference
    __arm_preinit_                            - Undefined Weak Reference
    __cpp_initialize__aeabi_                  - Undefined Weak Reference
    __cxa_finalize                            - Undefined Weak Reference
    __rt_locale                               - Undefined Weak Reference
    __sigvec_lookup                           - Undefined Weak Reference
    _atexit_init                              - Undefined Weak Reference
    _call_atexit_fns                          - Undefined Weak Reference
    _clock_init                               - Undefined Weak Reference
    _fp_trap_init                             - Undefined Weak Reference
    _fp_trap_shutdown                         - Undefined Weak Reference
    _get_lc_collate                           - Undefined Weak Reference
    _get_lc_ctype                             - Undefined Weak Reference
    _get_lc_monetary                          - Undefined Weak Reference
    _get_lc_numeric                           - Undefined Weak Reference
    _get_lc_time                              - Undefined Weak Reference
    _getenv_init                              - Undefined Weak Reference
    _handle_redirection                       - Undefined Weak Reference
    _init_alloc                               - Undefined Weak Reference
    _init_user_alloc                          - Undefined Weak Reference
    _initio                                   - Undefined Weak Reference
    _rand_init                                - Undefined Weak Reference
    _signal_finish                            - Undefined Weak Reference
    _signal_init                              - Undefined Weak Reference
    _terminate_alloc                          - Undefined Weak Reference
    _terminate_user_alloc                     - Undefined Weak Reference
    _terminateio                              - Undefined Weak Reference
    __Vectors_Size                           0x000000ec   Number         0  startup_stm32f10x_md.o ABSOLUTE
    __Vectors                                0x08000000   Data           4  startup_stm32f10x_md.o(RESET)
    __Vectors_End                            0x080000ec   Data           0  startup_stm32f10x_md.o(RESET)
    __main                                   0x080000ed   Thumb Code     8  __main.o(!!!main)
    __scatterload                            0x080000f5   Thumb Code     0  __scatter.o(!!!scatter)
    __scatterload_rt2                        0x080000f5   Thumb Code    44  __scatter.o(!!!scatter)
    __scatterload_rt2_thumb_only             0x080000f5   Thumb Code     0  __scatter.o(!!!scatter)
    __scatterload_null                       0x08000103   Thumb Code     0  __scatter.o(!!!scatter)
    __scatterload_copy                       0x08000129   Thumb Code    26  __scatter_copy.o(!!handler_copy)
    __scatterload_zeroinit                   0x08000145   Thumb Code    28  __scatter_zi.o(!!handler_zi)
    __rt_lib_init                            0x08000161   Thumb Code     0  libinit.o(.ARM.Collect$$libinit$$00000000)
    __rt_lib_init_alloca_1                   0x08000163   Thumb Code     0  libinit2.o(.ARM.Collect$$libinit$$0000002E)
    __rt_lib_init_argv_1                     0x08000163   Thumb Code     0  libinit2.o(.ARM.Collect$$libinit$$0000002C)
    __rt_lib_init_atexit_1                   0x08000163   Thumb Code     0  libinit2.o(.ARM.Collect$$libinit$$0000001B)
    __rt_lib_init_clock_1                    0x08000163   Thumb Code     0  libinit2.o(.ARM.Collect$$libinit$$00000021)
    __rt_lib_init_cpp_1                      0x08000163   Thumb Code     0  libinit2.o(.ARM.Collect$$libinit$$00000032)
    __rt_lib_init_exceptions_1               0x08000163   Thumb Code     0  libinit2.o(.ARM.Collect$$libinit$$00000030)
    __rt_lib_init_fp_1                       0x08000163   Thumb Code     0  libinit2.o(.ARM.Collect$$libinit$$00000002)
    __rt_lib_init_fp_trap_1                  0x08000163   Thumb Code     0  libinit2.o(.ARM.Collect$$libinit$$0000001F)
    __rt_lib_init_getenv_1                   0x08000163   Thumb Code     0  libinit2.o(.ARM.Collect$$libinit$$00000023)
    __rt_lib_init_heap_1                     0x08000163   Thumb Code     0  libinit2.o(.ARM.Collect$$libinit$$0000000A)
    __rt_lib_init_lc_collate_1               0x08000163   Thumb Code     0  libinit2.o(.ARM.Collect$$libinit$$00000011)
    __rt_lib_init_lc_ctype_1                 0x08000163   Thumb Code     0  libinit2.o(.ARM.Collect$$libinit$$00000013)
    __rt_lib_init_lc_monetary_1              0x08000163   Thumb Code     0  libinit2.o(.ARM.Collect$$libinit$$00000015)
    __rt_lib_init_lc_numeric_1               0x08000163   Thumb Code     0  libinit2.o(.ARM.Collect$$libinit$$00000017)
    __rt_lib_init_lc_time_1                  0x08000163   Thumb Code     0  libinit2.o(.ARM.Collect$$libinit$$00000019)
    __rt_lib_init_preinit_1                  0x08000163   Thumb Code     0  libinit2.o(.ARM.Collect$$libinit$$00000004)
    __rt_lib_init_rand_1                     0x08000163   Thumb Code     0  libinit2.o(.ARM.Collect$$libinit$$0000000E)
    __rt_lib_init_return                     0x08000163   Thumb Code     0  libinit2.o(.ARM.Collect$$libinit$$00000033)
    __rt_lib_init_signal_1                   0x08000163   Thumb Code     0  libinit2.o(.ARM.Collect$$libinit$$0000001D)
    __rt_lib_init_stdio_1                    0x08000163   Thumb Code     0  libinit2.o(.ARM.Collect$$libinit$$00000025)
    __rt_lib_init_user_alloc_1               0x08000163   Thumb Code     0  libinit2.o(.ARM.Collect$$libinit$$0000000C)
    __rt_lib_shutdown                        0x08000165   Thumb Code     0  libshutdown.o(.ARM.Collect$$libshutdown$$00000000)
    __rt_lib_shutdown_cpp_1                  0x08000167   Thumb Code     0  libshutdown2.o(.ARM.Collect$$libshutdown$$00000002)
    __rt_lib_shutdown_fp_trap_1              0x08000167   Thumb Code     0  libshutdown2.o(.ARM.Collect$$libshutdown$$00000007)
    __rt_lib_shutdown_heap_1                 0x08000167   Thumb Code     0  libshutdown2.o(.ARM.Collect$$libshutdown$$0000000F)
    __rt_lib_shutdown_return                 0x08000167   Thumb Code     0  libshutdown2.o(.ARM.Collect$$libshutdown$$00000010)
    __rt_lib_shutdown_signal_1               0x08000167   Thumb Code     0  libshutdown2.o(.ARM.Collect$$libshutdown$$0000000A)
    __rt_lib_shutdown_stdio_1                0x08000167   Thumb Code     0  libshutdown2.o(.ARM.Collect$$libshutdown$$00000004)
    __rt_lib_shutdown_user_alloc_1           0x08000167   Thumb Code     0  libshutdown2.o(.ARM.Collect$$libshutdown$$0000000C)
    __rt_entry                               0x08000169   Thumb Code     0  __rtentry.o(.ARM.Collect$$rtentry$$00000000)
    __rt_entry_presh_1                       0x08000169   Thumb Code     0  __rtentry2.o(.ARM.Collect$$rtentry$$00000002)
    __rt_entry_sh                            0x08000169   Thumb Code     0  __rtentry4.o(.ARM.Collect$$rtentry$$00000004)
    __rt_entry_li                            0x0800016f   Thumb Code     0  __rtentry2.o(.ARM.Collect$$rtentry$$0000000A)
    __rt_entry_postsh_1                      0x0800016f   Thumb Code     0  __rtentry2.o(.ARM.Collect$$rtentry$$00000009)
    __rt_entry_main                          0x08000173   Thumb Code     0  __rtentry2.o(.ARM.Collect$$rtentry$$0000000D)
    __rt_entry_postli_1                      0x08000173   Thumb Code     0  __rtentry2.o(.ARM.Collect$$rtentry$$0000000C)
    __rt_exit                                0x0800017b   Thumb Code     0  rtexit.o(.ARM.Collect$$rtexit$$00000000)
    __rt_exit_ls                             0x0800017d   Thumb Code     0  rtexit2.o(.ARM.Collect$$rtexit$$00000003)
    __rt_exit_prels_1                        0x0800017d   Thumb Code     0  rtexit2.o(.ARM.Collect$$rtexit$$00000002)
    __rt_exit_exit                           0x08000181   Thumb Code     0  rtexit2.o(.ARM.Collect$$rtexit$$00000004)
    Reset_Handler                            0x08000189   Thumb Code     8  startup_stm32f10x_md.o(.text)
    CAN1_RX1_IRQHandler                      0x080001a3   Thumb Code     0  startup_stm32f10x_md.o(.text)
    CAN1_SCE_IRQHandler                      0x080001a3   Thumb Code     0  startup_stm32f10x_md.o(.text)
    DMA1_Channel2_IRQHandler                 0x080001a3   Thumb Code     0  startup_stm32f10x_md.o(.text)
    DMA1_Channel3_IRQHandler                 0x080001a3   Thumb Code     0  startup_stm32f10x_md.o(.text)
    DMA1_Channel4_IRQHandler                 0x080001a3   Thumb Code     0  startup_stm32f10x_md.o(.text)
    DMA1_Channel5_IRQHandler                 0x080001a3   Thumb Code     0  startup_stm32f10x_md.o(.text)
    DMA1_Channel6_IRQHandler                 0x080001a3   Thumb Code     0  startup_stm32f10x_md.o(.text)
    DMA1_Channel7_IRQHandler                 0x080001a3   Thumb Code     0  startup_stm32f10x_md.o(.text)
    EXTI0_IRQHandler                         0x080001a3   Thumb Code     0  startup_stm32f10x_md.o(.text)
    EXTI15_10_IRQHandler                     0x080001a3   Thumb Code     0  startup_stm32f10x_md.o(.text)
    EXTI1_IRQHandler                         0x080001a3   Thumb Code     0  startup_stm32f10x_md.o(.text)
    EXTI2_IRQHandler                         0x080001a3   Thumb Code     0  startup_stm32f10x_md.o(.text)
    EXTI3_IRQHandler                         0x080001a3   Thumb Code     0  startup_stm32f10x_md.o(.text)
    EXTI4_IRQHandler                         0x080001a3   Thumb Code     0  startup_stm32f10x_md.o(.text)
    EXTI9_5_IRQHandler                       0x080001a3   Thumb Code     0  startup_stm32f10x_md.o(.text)
    FLASH_IRQHandler                         0x080001a3   Thumb Code     0  startup_stm32f10x_md.o(.text)
    I2C1_ER_IRQHandler                       0x080001a3   Thumb Code     0  startup_stm32f10x_md.o(.text)
    I2C1_EV_IRQHandler                       0x080001a3   Thumb Code     0  startup_stm32f10x_md.o(.text)
    I2C2_ER_IRQHandler                       0x080001a3   Thumb Code     0  startup_stm32f10x_md.o(.text)
    I2C2_EV_IRQHandler                       0x080001a3   Thumb Code     0  startup_stm32f10x_md.o(.text)
    PVD_IRQHandler                           0x080001a3   Thumb Code     0  startup_stm32f10x_md.o(.text)
    RCC_IRQHandler                           0x080001a3   Thumb Code     0  startup_stm32f10x_md.o(.text)
    RTCAlarm_IRQHandler                      0x080001a3   Thumb Code     0  startup_stm32f10x_md.o(.text)
    RTC_IRQHandler                           0x080001a3   Thumb Code     0  startup_stm32f10x_md.o(.text)
    SPI1_IRQHandler                          0x080001a3   Thumb Code     0  startup_stm32f10x_md.o(.text)
    SPI2_IRQHandler                          0x080001a3   Thumb Code     0  startup_stm32f10x_md.o(.text)
    TAMPER_IRQHandler                        0x080001a3   Thumb Code     0  startup_stm32f10x_md.o(.text)
    TIM1_BRK_IRQHandler                      0x080001a3   Thumb Code     0  startup_stm32f10x_md.o(.text)
    TIM1_CC_IRQHandler                       0x080001a3   Thumb Code     0  startup_stm32f10x_md.o(.text)
    TIM1_TRG_COM_IRQHandler                  0x080001a3   Thumb Code     0  startup_stm32f10x_md.o(.text)
    TIM2_IRQHandler                          0x080001a3   Thumb Code     0  startup_stm32f10x_md.o(.text)
    TIM3_IRQHandler                          0x080001a3   Thumb Code     0  startup_stm32f10x_md.o(.text)
    TIM4_IRQHandler                          0x080001a3   Thumb Code     0  startup_stm32f10x_md.o(.text)
    USART1_IRQHandler                        0x080001a3   Thumb Code     0  startup_stm32f10x_md.o(.text)
    USART2_IRQHandler                        0x080001a3   Thumb Code     0  startup_stm32f10x_md.o(.text)
    USART3_IRQHandler                        0x080001a3   Thumb Code     0  startup_stm32f10x_md.o(.text)
    USBWakeUp_IRQHandler                     0x080001a3   Thumb Code     0  startup_stm32f10x_md.o(.text)
    WWDG_IRQHandler                          0x080001a3   Thumb Code     0  startup_stm32f10x_md.o(.text)
    __user_initial_stackheap                 0x080001a5   Thumb Code     0  startup_stm32f10x_md.o(.text)
    __use_two_region_memory                  0x080001c9   Thumb Code     2  heapauxi.o(.text)
    __rt_heap_escrow$2region                 0x080001cb   Thumb Code     2  heapauxi.o(.text)
    __rt_heap_expand$2region                 0x080001cd   Thumb Code     2  heapauxi.o(.text)
    __read_errno                             0x080001cf   Thumb Code    10  _rserrno.o(.text)
    __set_errno                              0x080001d9   Thumb Code    12  _rserrno.o(.text)
    __aeabi_errno_addr                       0x080001e5   Thumb Code     8  rt_errno_addr_intlibspace.o(.text)
    __errno$intlibspace                      0x080001e5   Thumb Code     0  rt_errno_addr_intlibspace.o(.text)
    __rt_errno_addr$intlibspace              0x080001e5   Thumb Code     0  rt_errno_addr_intlibspace.o(.text)
    __user_libspace                          0x080001ed   Thumb Code     8  libspace.o(.text)
    __user_perproc_libspace                  0x080001ed   Thumb Code     0  libspace.o(.text)
    __user_perthread_libspace                0x080001ed   Thumb Code     0  libspace.o(.text)
    __user_setup_stackheap                   0x080001f5   Thumb Code    74  sys_stackheap_outer.o(.text)
    exit                                     0x0800023f   Thumb Code    18  exit.o(.text)
    _sys_exit                                0x08000251   Thumb Code     8  sys_exit.o(.text)
    __I$use$semihosting                      0x0800025d   Thumb Code     0  use_no_semi.o(.text)
    __use_no_semihosting_swi                 0x0800025d   Thumb Code     2  use_no_semi.o(.text)
    __semihosting_library_function           0x0800025f   Thumb Code     0  indicate_semi.o(.text)
    ADC1_2_IRQHandler                        0x08000261   Thumb Code    88  adc.o(i.ADC1_2_IRQHandler)
    ADC_ClearITPendingBit                    0x080002cd   Thumb Code    10  stm32f10x_adc.o(i.ADC_ClearITPendingBit)
    ADC_Cmd                                  0x080002d7   Thumb Code    22  stm32f10x_adc.o(i.ADC_Cmd)
    ADC_DMACmd                               0x080002ed   Thumb Code    22  stm32f10x_adc.o(i.ADC_DMACmd)
    ADC_GetCalibrationStatus                 0x08000303   Thumb Code    20  stm32f10x_adc.o(i.ADC_GetCalibrationStatus)
    ADC_GetITStatus                          0x08000317   Thumb Code    36  stm32f10x_adc.o(i.ADC_GetITStatus)
    ADC_GetResetCalibrationStatus            0x0800033b   Thumb Code    20  stm32f10x_adc.o(i.ADC_GetResetCalibrationStatus)
    ADC_ITConfig                             0x0800034f   Thumb Code    24  stm32f10x_adc.o(i.ADC_ITConfig)
    ADC_Init                                 0x08000369   Thumb Code    70  stm32f10x_adc.o(i.ADC_Init)
    ADC_RegularChannelConfig                 0x080003b9   Thumb Code   184  stm32f10x_adc.o(i.ADC_RegularChannelConfig)
    ADC_ResetCalibration                     0x08000471   Thumb Code    10  stm32f10x_adc.o(i.ADC_ResetCalibration)
    ADC_SoftwareStartConvCmd                 0x0800047b   Thumb Code    22  stm32f10x_adc.o(i.ADC_SoftwareStartConvCmd)
    ADC_StartCalibration                     0x08000491   Thumb Code    10  stm32f10x_adc.o(i.ADC_StartCalibration)
    ADC_config                               0x0800049d   Thumb Code   344  adc.o(i.ADC_config)
    BusFault_Handler                         0x08000605   Thumb Code     4  stm32f10x_it.o(i.BusFault_Handler)
    CAN_ClearITPendingBit                    0x08000609   Thumb Code   162  stm32f10x_can.o(i.CAN_ClearITPendingBit)
    CAN_GetITStatus                          0x080006b1   Thumb Code   284  stm32f10x_can.o(i.CAN_GetITStatus)
    CAN_Receive                              0x080007d1   Thumb Code   240  stm32f10x_can.o(i.CAN_Receive)
    ClearAndNop                              0x080008d5   Thumb Code    58  spi.o(i.ClearAndNop)
    CollectData                              0x08000915   Thumb Code   194  spi.o(i.CollectData)
    DMA1_Channel1_IRQHandler                 0x080009e5   Thumb Code    70  adc.o(i.DMA1_Channel1_IRQHandler)
    DMA_ClearITPendingBit                    0x08000a39   Thumb Code    18  stm32f10x_dma.o(i.DMA_ClearITPendingBit)
    DMA_Cmd                                  0x08000a55   Thumb Code    24  stm32f10x_dma.o(i.DMA_Cmd)
    DMA_DeInit                               0x08000a6d   Thumb Code   324  stm32f10x_dma.o(i.DMA_DeInit)
    DMA_GetITStatus                          0x08000bb9   Thumb Code    36  stm32f10x_dma.o(i.DMA_GetITStatus)
    DMA_ITConfig                             0x08000be5   Thumb Code    18  stm32f10x_dma.o(i.DMA_ITConfig)
    DMA_Init                                 0x08000bf7   Thumb Code    60  stm32f10x_dma.o(i.DMA_Init)
    DebugMon_Handler                         0x08000c33   Thumb Code     2  stm32f10x_it.o(i.DebugMon_Handler)
    GPIO_Init                                0x08000c35   Thumb Code   278  stm32f10x_gpio.o(i.GPIO_Init)
    GPIO_PinLockConfig                       0x08000d4b   Thumb Code    18  stm32f10x_gpio.o(i.GPIO_PinLockConfig)
    GPIO_ResetBits                           0x08000d5d   Thumb Code     4  stm32f10x_gpio.o(i.GPIO_ResetBits)
    GPIO_SetBits                             0x08000d61   Thumb Code     4  stm32f10x_gpio.o(i.GPIO_SetBits)
    HardFault_Handler                        0x08000d65   Thumb Code     4  stm32f10x_it.o(i.HardFault_Handler)
    MemManage_Handler                        0x08000d69   Thumb Code     4  stm32f10x_it.o(i.MemManage_Handler)
    NMI_Handler                              0x08000d6d   Thumb Code     2  stm32f10x_it.o(i.NMI_Handler)
    NVIC_Init                                0x08000d71   Thumb Code   100  misc.o(i.NVIC_Init)
    NVIC_PriorityGroupConfig                 0x08000de1   Thumb Code    10  misc.o(i.NVIC_PriorityGroupConfig)
    PWM_Motor_Configuration                  0x08000df5   Thumb Code   352  pwm.o(i.PWM_Motor_Configuration)
    PendSV_Handler                           0x08000f61   Thumb Code     2  stm32f10x_it.o(i.PendSV_Handler)
    RCC_ADCCLKConfig                         0x08000f65   Thumb Code    18  stm32f10x_rcc.o(i.RCC_ADCCLKConfig)
    RCC_AHBPeriphClockCmd                    0x08000f7d   Thumb Code    26  stm32f10x_rcc.o(i.RCC_AHBPeriphClockCmd)
    RCC_APB1PeriphResetCmd                   0x08000f9d   Thumb Code    26  stm32f10x_rcc.o(i.RCC_APB1PeriphResetCmd)
    RCC_APB2PeriphClockCmd                   0x08000fbd   Thumb Code    26  stm32f10x_rcc.o(i.RCC_APB2PeriphClockCmd)
    RCC_APB2PeriphResetCmd                   0x08000fdd   Thumb Code    26  stm32f10x_rcc.o(i.RCC_APB2PeriphResetCmd)
    SPI_Cmd                                  0x08000ffd   Thumb Code    24  stm32f10x_spi.o(i.SPI_Cmd)
    SPI_Configuration                        0x08001015   Thumb Code   138  spi.o(i.SPI_Configuration)
    SPI_Init                                 0x080010a9   Thumb Code    60  stm32f10x_spi.o(i.SPI_Init)
    SVC_Handler                              0x080010e5   Thumb Code     2  stm32f10x_it.o(i.SVC_Handler)
    SVPWM_3ShuntCalcDutyCycles               0x080010e9   Thumb Code   554  svpwm.o(i.SVPWM_3ShuntCalcDutyCycles)
    SysTick_Handler                          0x08001401   Thumb Code   462  main.o(i.SysTick_Handler)
    SystemInit                               0x08001619   Thumb Code    78  system_stm32f10x.o(i.SystemInit)
    TIM1_UP_IRQHandler                       0x08001679   Thumb Code    38  pwm.o(i.TIM1_UP_IRQHandler)
    TIM_ARRPreloadConfig                     0x080016b1   Thumb Code    24  stm32f10x_tim.o(i.TIM_ARRPreloadConfig)
    TIM_BDTRConfig                           0x080016c9   Thumb Code    32  stm32f10x_tim.o(i.TIM_BDTRConfig)
    TIM_ClearFlag                            0x080016e9   Thumb Code     6  stm32f10x_tim.o(i.TIM_ClearFlag)
    TIM_Cmd                                  0x080016ef   Thumb Code    24  stm32f10x_tim.o(i.TIM_Cmd)
    TIM_CtrlPWMOutputs                       0x08001707   Thumb Code    30  stm32f10x_tim.o(i.TIM_CtrlPWMOutputs)
    TIM_DeInit                               0x08001725   Thumb Code   424  stm32f10x_tim.o(i.TIM_DeInit)
    TIM_ITConfig                             0x0800190d   Thumb Code    18  stm32f10x_tim.o(i.TIM_ITConfig)
    TIM_OC1Init                              0x08001921   Thumb Code   132  stm32f10x_tim.o(i.TIM_OC1Init)
    TIM_OC2Init                              0x080019b9   Thumb Code   154  stm32f10x_tim.o(i.TIM_OC2Init)
    TIM_OC3Init                              0x08001a5d   Thumb Code   150  stm32f10x_tim.o(i.TIM_OC3Init)
    TIM_SetCompare1                          0x08001afd   Thumb Code     4  stm32f10x_tim.o(i.TIM_SetCompare1)
    TIM_SetCompare2                          0x08001b01   Thumb Code     4  stm32f10x_tim.o(i.TIM_SetCompare2)
    TIM_SetCompare3                          0x08001b05   Thumb Code     4  stm32f10x_tim.o(i.TIM_SetCompare3)
    TIM_TimeBaseInit                         0x08001b09   Thumb Code   122  stm32f10x_tim.o(i.TIM_TimeBaseInit)
    TIM_TimeBaseStructInit                   0x08001bad   Thumb Code    18  stm32f10x_tim.o(i.TIM_TimeBaseStructInit)
    USB_HP_CAN1_TX_IRQHandler                0x08001bc1   Thumb Code    22  can.o(i.USB_HP_CAN1_TX_IRQHandler)
    USB_LP_CAN1_RX0_IRQHandler               0x08001bdd   Thumb Code    36  can.o(i.USB_LP_CAN1_RX0_IRQHandler)
    UsageFault_Handler                       0x08001c05   Thumb Code     4  stm32f10x_it.o(i.UsageFault_Handler)
    __ARM_fpclassify                         0x08001c09   Thumb Code    40  fpclassify.o(i.__ARM_fpclassify)
    __ieee754_rem_pio2                       0x08001c31   Thumb Code   828  rred.o(i.__ieee754_rem_pio2)
    __kernel_cos                             0x08001fb9   Thumb Code   230  cos_i.o(i.__kernel_cos)
    __kernel_poly                            0x080020b5   Thumb Code   170  poly.o(i.__kernel_poly)
    __kernel_sin                             0x08002161   Thumb Code   224  sin_i.o(i.__kernel_sin)
    __mathlib_dbl_infnan                     0x0800224d   Thumb Code     6  dunder.o(i.__mathlib_dbl_infnan)
    __mathlib_dbl_invalid                    0x08002253   Thumb Code    12  dunder.o(i.__mathlib_dbl_invalid)
    __mathlib_dbl_underflow                  0x08002261   Thumb Code    10  dunder.o(i.__mathlib_dbl_underflow)
    cos                                      0x08002271   Thumb Code   148  cos.o(i.cos)
    delay_us                                 0x0800230d   Thumb Code    26  delay.o(i.delay_us)
    gpio_mode_af                             0x08002327   Thumb Code    32  spi.o(i.gpio_mode_af)
    gpio_mode_out                            0x08002347   Thumb Code    32  spi.o(i.gpio_mode_out)
    main                                     0x08002369   Thumb Code    96  main.o(i.main)
    set_PWM_x                                0x080023d1   Thumb Code    54  pwm.o(i.set_PWM_x)
    sin                                      0x0800240d   Thumb Code   150  sin.o(i.sin)
    spi1_read_write_byte                     0x080024ad   Thumb Code    58  spi.o(i.spi1_read_write_byte)
    __aeabi_d2f                              0x080024f1   Thumb Code     0  d2f.o(x$fpl$d2f)
    _d2f                                     0x080024f1   Thumb Code    98  d2f.o(x$fpl$d2f)
    __aeabi_dadd                             0x08002555   Thumb Code     0  daddsub_clz.o(x$fpl$dadd)
    _dadd                                    0x08002555   Thumb Code   332  daddsub_clz.o(x$fpl$dadd)
    __fpl_dcheck_NaN1                        0x080026a5   Thumb Code    10  dcheck1.o(x$fpl$dcheck1)
    __aeabi_ddiv                             0x080026b5   Thumb Code     0  ddiv.o(x$fpl$ddiv)
    _ddiv                                    0x080026b5   Thumb Code   552  ddiv.o(x$fpl$ddiv)
    __aeabi_d2iz                             0x08002965   Thumb Code     0  dfix.o(x$fpl$dfix)
    _dfix                                    0x08002965   Thumb Code    94  dfix.o(x$fpl$dfix)
    __aeabi_i2d                              0x080029c3   Thumb Code     0  dflt_clz.o(x$fpl$dflt)
    _dflt                                    0x080029c3   Thumb Code    46  dflt_clz.o(x$fpl$dflt)
    __aeabi_ui2d                             0x080029f1   Thumb Code     0  dflt_clz.o(x$fpl$dfltu)
    _dfltu                                   0x080029f1   Thumb Code    38  dflt_clz.o(x$fpl$dfltu)
    __aeabi_dmul                             0x08002a19   Thumb Code     0  dmul.o(x$fpl$dmul)
    _dmul                                    0x08002a19   Thumb Code   332  dmul.o(x$fpl$dmul)
    __fpl_dnaninf                            0x08002b6d   Thumb Code   156  dnaninf.o(x$fpl$dnaninf)
    __fpl_dretinf                            0x08002c09   Thumb Code    12  dretinf.o(x$fpl$dretinf)
    __aeabi_drsub                            0x08002c15   Thumb Code     0  daddsub_clz.o(x$fpl$drsb)
    _drsb                                    0x08002c15   Thumb Code    22  daddsub_clz.o(x$fpl$drsb)
    __aeabi_dsub                             0x08002c2d   Thumb Code     0  daddsub_clz.o(x$fpl$dsub)
    _dsub                                    0x08002c2d   Thumb Code   464  daddsub_clz.o(x$fpl$dsub)
    __aeabi_f2d                              0x08002e01   Thumb Code     0  f2d.o(x$fpl$f2d)
    _f2d                                     0x08002e01   Thumb Code    86  f2d.o(x$fpl$f2d)
    __aeabi_fdiv                             0x08002e59   Thumb Code     0  fdiv.o(x$fpl$fdiv)
    _fdiv                                    0x08002e59   Thumb Code   384  fdiv.o(x$fpl$fdiv)
    __aeabi_i2f                              0x08002fdd   Thumb Code     0  fflt_clz.o(x$fpl$fflt)
    _fflt                                    0x08002fdd   Thumb Code    48  fflt_clz.o(x$fpl$fflt)
    __fpl_fnaninf                            0x0800300d   Thumb Code   140  fnaninf.o(x$fpl$fnaninf)
    __fpl_fretinf                            0x08003099   Thumb Code    10  fretinf.o(x$fpl$fretinf)
    __fpl_return_NaN                         0x080030a3   Thumb Code   100  retnan.o(x$fpl$retnan)
    __ARM_scalbn                             0x08003107   Thumb Code    92  scalbn.o(x$fpl$scalbn)
    __fpl_cmpreturn                          0x08003163   Thumb Code    48  trapv.o(x$fpl$trapveneer)
    __I$use$fp                               0x08003192   Number         0  usenofp.o(x$fpl$usenofp)
    Region$$Table$$Base                      0x080032c8   Number         0  anon$$obj.o(Region$$Table)
    Region$$Table$$Limit                     0x080032e8   Number         0  anon$$obj.o(Region$$Table)
    Stat_Volt_Input                          0x20000000   Data           4  main.o(.data)
    theta                                    0x20000004   Data           4  main.o(.data)
    deltaTheta                               0x20000008   Data           4  main.o(.data)
    scale                                    0x2000000c   Data           4  main.o(.data)
    initFlag                                 0x20000010   Data           2  main.o(.data)
    initAngle                                0x20000014   Data           4  main.o(.data)
    encoderAngleBias                         0x20000018   Data           4  main.o(.data)
    angleAhead                               0x2000001c   Data           4  main.o(.data)
    testAnlge                                0x20000020   Data           4  main.o(.data)
    direct                                   0x20000024   Data           2  main.o(.data)
    ADC_ConvertedValue                       0x20000028   Data           6  adc.o(.data)
    Global_Currents_abc                      0x2000002e   Data           4  adc.o(.data)
    Global_Currents_Iqd                      0x20000032   Data           4  adc.o(.data)
    Global_Currents_alphaBeta                0x20000036   Data           4  adc.o(.data)
    Ia                                       0x2000003c   Data           4  adc.o(.data)
    Ib                                       0x20000040   Data           4  adc.o(.data)
    Ic                                       0x20000044   Data           4  adc.o(.data)
    Ialpha                                   0x20000048   Data           4  adc.o(.data)
    Ibelta                                   0x2000004c   Data           4  adc.o(.data)
    Id                                       0x20000050   Data           4  adc.o(.data)
    Iq                                       0x20000054   Data           4  adc.o(.data)
    num                                      0x20000058   Data           2  adc.o(.data)
    aheadAngel                               0x2000005c   Data           4  adc.o(.data)
    encoder                                  0x20000060   Data          16  main.o(.bss)
    svpwm                                    0x20000070   Data          12  svpwm.o(.bss)
    __libspace_start                         0x2000007c   Data          96  libspace.o(.bss)
    __temporary_stack_top$libspace           0x200000dc   Data           0  libspace.o(.bss)



==============================================================================

Memory Map of the image

  Image Entry point : 0x080000ed

  Load Region LR_IROM1 (Base: 0x08000000, Size: 0x00003348, Max: 0x00010000, ABSOLUTE)

    Execution Region ER_IROM1 (Exec base: 0x08000000, Load base: 0x08000000, Size: 0x000032e8, Max: 0x00010000, ABSOLUTE)

    Exec Addr    Load Addr    Size         Type   Attr      Idx    E Section Name        Object

    0x08000000   0x08000000   0x000000ec   Data   RO         2322    RESET               startup_stm32f10x_md.o
    0x080000ec   0x080000ec   0x00000008   Code   RO         2331  * !!!main             c_w.l(__main.o)
    0x080000f4   0x080000f4   0x00000034   Code   RO         2610    !!!scatter          c_w.l(__scatter.o)
    0x08000128   0x08000128   0x0000001a   Code   RO         2612    !!handler_copy      c_w.l(__scatter_copy.o)
    0x08000142   0x08000142   0x00000002   PAD
    0x08000144   0x08000144   0x0000001c   Code   RO         2614    !!handler_zi        c_w.l(__scatter_zi.o)
    0x08000160   0x08000160   0x00000002   Code   RO         2477    .ARM.Collect$$libinit$$00000000  c_w.l(libinit.o)
    0x08000162   0x08000162   0x00000000   Code   RO         2483    .ARM.Collect$$libinit$$00000002  c_w.l(libinit2.o)
    0x08000162   0x08000162   0x00000000   Code   RO         2485    .ARM.Collect$$libinit$$00000004  c_w.l(libinit2.o)
    0x08000162   0x08000162   0x00000000   Code   RO         2488    .ARM.Collect$$libinit$$0000000A  c_w.l(libinit2.o)
    0x08000162   0x08000162   0x00000000   Code   RO         2490    .ARM.Collect$$libinit$$0000000C  c_w.l(libinit2.o)
    0x08000162   0x08000162   0x00000000   Code   RO         2492    .ARM.Collect$$libinit$$0000000E  c_w.l(libinit2.o)
    0x08000162   0x08000162   0x00000000   Code   RO         2495    .ARM.Collect$$libinit$$00000011  c_w.l(libinit2.o)
    0x08000162   0x08000162   0x00000000   Code   RO         2497    .ARM.Collect$$libinit$$00000013  c_w.l(libinit2.o)
    0x08000162   0x08000162   0x00000000   Code   RO         2499    .ARM.Collect$$libinit$$00000015  c_w.l(libinit2.o)
    0x08000162   0x08000162   0x00000000   Code   RO         2501    .ARM.Collect$$libinit$$00000017  c_w.l(libinit2.o)
    0x08000162   0x08000162   0x00000000   Code   RO         2503    .ARM.Collect$$libinit$$00000019  c_w.l(libinit2.o)
    0x08000162   0x08000162   0x00000000   Code   RO         2505    .ARM.Collect$$libinit$$0000001B  c_w.l(libinit2.o)
    0x08000162   0x08000162   0x00000000   Code   RO         2507    .ARM.Collect$$libinit$$0000001D  c_w.l(libinit2.o)
    0x08000162   0x08000162   0x00000000   Code   RO         2509    .ARM.Collect$$libinit$$0000001F  c_w.l(libinit2.o)
    0x08000162   0x08000162   0x00000000   Code   RO         2511    .ARM.Collect$$libinit$$00000021  c_w.l(libinit2.o)
    0x08000162   0x08000162   0x00000000   Code   RO         2513    .ARM.Collect$$libinit$$00000023  c_w.l(libinit2.o)
    0x08000162   0x08000162   0x00000000   Code   RO         2515    .ARM.Collect$$libinit$$00000025  c_w.l(libinit2.o)
    0x08000162   0x08000162   0x00000000   Code   RO         2519    .ARM.Collect$$libinit$$0000002C  c_w.l(libinit2.o)
    0x08000162   0x08000162   0x00000000   Code   RO         2521    .ARM.Collect$$libinit$$0000002E  c_w.l(libinit2.o)
    0x08000162   0x08000162   0x00000000   Code   RO         2523    .ARM.Collect$$libinit$$00000030  c_w.l(libinit2.o)
    0x08000162   0x08000162   0x00000000   Code   RO         2525    .ARM.Collect$$libinit$$00000032  c_w.l(libinit2.o)
    0x08000162   0x08000162   0x00000002   Code   RO         2526    .ARM.Collect$$libinit$$00000033  c_w.l(libinit2.o)
    0x08000164   0x08000164   0x00000002   Code   RO         2550    .ARM.Collect$$libshutdown$$00000000  c_w.l(libshutdown.o)
    0x08000166   0x08000166   0x00000000   Code   RO         2563    .ARM.Collect$$libshutdown$$00000002  c_w.l(libshutdown2.o)
    0x08000166   0x08000166   0x00000000   Code   RO         2565    .ARM.Collect$$libshutdown$$00000004  c_w.l(libshutdown2.o)
    0x08000166   0x08000166   0x00000000   Code   RO         2568    .ARM.Collect$$libshutdown$$00000007  c_w.l(libshutdown2.o)
    0x08000166   0x08000166   0x00000000   Code   RO         2571    .ARM.Collect$$libshutdown$$0000000A  c_w.l(libshutdown2.o)
    0x08000166   0x08000166   0x00000000   Code   RO         2573    .ARM.Collect$$libshutdown$$0000000C  c_w.l(libshutdown2.o)
    0x08000166   0x08000166   0x00000000   Code   RO         2576    .ARM.Collect$$libshutdown$$0000000F  c_w.l(libshutdown2.o)
    0x08000166   0x08000166   0x00000002   Code   RO         2577    .ARM.Collect$$libshutdown$$00000010  c_w.l(libshutdown2.o)
    0x08000168   0x08000168   0x00000000   Code   RO         2395    .ARM.Collect$$rtentry$$00000000  c_w.l(__rtentry.o)
    0x08000168   0x08000168   0x00000000   Code   RO         2438    .ARM.Collect$$rtentry$$00000002  c_w.l(__rtentry2.o)
    0x08000168   0x08000168   0x00000006   Code   RO         2450    .ARM.Collect$$rtentry$$00000004  c_w.l(__rtentry4.o)
    0x0800016e   0x0800016e   0x00000000   Code   RO         2440    .ARM.Collect$$rtentry$$00000009  c_w.l(__rtentry2.o)
    0x0800016e   0x0800016e   0x00000004   Code   RO         2441    .ARM.Collect$$rtentry$$0000000A  c_w.l(__rtentry2.o)
    0x08000172   0x08000172   0x00000000   Code   RO         2443    .ARM.Collect$$rtentry$$0000000C  c_w.l(__rtentry2.o)
    0x08000172   0x08000172   0x00000008   Code   RO         2444    .ARM.Collect$$rtentry$$0000000D  c_w.l(__rtentry2.o)
    0x0800017a   0x0800017a   0x00000002   Code   RO         2480    .ARM.Collect$$rtexit$$00000000  c_w.l(rtexit.o)
    0x0800017c   0x0800017c   0x00000000   Code   RO         2530    .ARM.Collect$$rtexit$$00000002  c_w.l(rtexit2.o)
    0x0800017c   0x0800017c   0x00000004   Code   RO         2531    .ARM.Collect$$rtexit$$00000003  c_w.l(rtexit2.o)
    0x08000180   0x08000180   0x00000006   Code   RO         2532    .ARM.Collect$$rtexit$$00000004  c_w.l(rtexit2.o)
    0x08000186   0x08000186   0x00000002   PAD
    0x08000188   0x08000188   0x00000040   Code   RO         2323    .text               startup_stm32f10x_md.o
    0x080001c8   0x080001c8   0x00000006   Code   RO         2329    .text               c_w.l(heapauxi.o)
    0x080001ce   0x080001ce   0x00000016   Code   RO         2396    .text               c_w.l(_rserrno.o)
    0x080001e4   0x080001e4   0x00000008   Code   RO         2455    .text               c_w.l(rt_errno_addr_intlibspace.o)
    0x080001ec   0x080001ec   0x00000008   Code   RO         2465    .text               c_w.l(libspace.o)
    0x080001f4   0x080001f4   0x0000004a   Code   RO         2468    .text               c_w.l(sys_stackheap_outer.o)
    0x0800023e   0x0800023e   0x00000012   Code   RO         2470    .text               c_w.l(exit.o)
    0x08000250   0x08000250   0x0000000c   Code   RO         2542    .text               c_w.l(sys_exit.o)
    0x0800025c   0x0800025c   0x00000002   Code   RO         2553    .text               c_w.l(use_no_semi.o)
    0x0800025e   0x0800025e   0x00000000   Code   RO         2555    .text               c_w.l(indicate_semi.o)
    0x0800025e   0x0800025e   0x00000002   PAD
    0x08000260   0x08000260   0x0000006c   Code   RO         2037    i.ADC1_2_IRQHandler  adc.o
    0x080002cc   0x080002cc   0x0000000a   Code   RO          209    i.ADC_ClearITPendingBit  stm32f10x_adc.o
    0x080002d6   0x080002d6   0x00000016   Code   RO          210    i.ADC_Cmd           stm32f10x_adc.o
    0x080002ec   0x080002ec   0x00000016   Code   RO          211    i.ADC_DMACmd        stm32f10x_adc.o
    0x08000302   0x08000302   0x00000014   Code   RO          218    i.ADC_GetCalibrationStatus  stm32f10x_adc.o
    0x08000316   0x08000316   0x00000024   Code   RO          222    i.ADC_GetITStatus   stm32f10x_adc.o
    0x0800033a   0x0800033a   0x00000014   Code   RO          224    i.ADC_GetResetCalibrationStatus  stm32f10x_adc.o
    0x0800034e   0x0800034e   0x00000018   Code   RO          227    i.ADC_ITConfig      stm32f10x_adc.o
    0x08000366   0x08000366   0x00000002   PAD
    0x08000368   0x08000368   0x00000050   Code   RO          228    i.ADC_Init          stm32f10x_adc.o
    0x080003b8   0x080003b8   0x000000b8   Code   RO          232    i.ADC_RegularChannelConfig  stm32f10x_adc.o
    0x08000470   0x08000470   0x0000000a   Code   RO          233    i.ADC_ResetCalibration  stm32f10x_adc.o
    0x0800047a   0x0800047a   0x00000016   Code   RO          235    i.ADC_SoftwareStartConvCmd  stm32f10x_adc.o
    0x08000490   0x08000490   0x0000000a   Code   RO          237    i.ADC_StartCalibration  stm32f10x_adc.o
    0x0800049a   0x0800049a   0x00000002   PAD
    0x0800049c   0x0800049c   0x00000168   Code   RO         2038    i.ADC_config        adc.o
    0x08000604   0x08000604   0x00000004   Code   RO          107    i.BusFault_Handler  stm32f10x_it.o
    0x08000608   0x08000608   0x000000a8   Code   RO          428    i.CAN_ClearITPendingBit  stm32f10x_can.o
    0x080006b0   0x080006b0   0x00000120   Code   RO          434    i.CAN_GetITStatus   stm32f10x_can.o
    0x080007d0   0x080007d0   0x000000f0   Code   RO          442    i.CAN_Receive       stm32f10x_can.o
    0x080008c0   0x080008c0   0x00000012   Code   RO          450    i.CheckITStatus     stm32f10x_can.o
    0x080008d2   0x080008d2   0x00000002   PAD
    0x080008d4   0x080008d4   0x00000040   Code   RO         2232    i.ClearAndNop       spi.o
    0x08000914   0x08000914   0x000000d0   Code   RO         2233    i.CollectData       spi.o
    0x080009e4   0x080009e4   0x00000054   Code   RO         2039    i.DMA1_Channel1_IRQHandler  adc.o
    0x08000a38   0x08000a38   0x0000001c   Code   RO          582    i.DMA_ClearITPendingBit  stm32f10x_dma.o
    0x08000a54   0x08000a54   0x00000018   Code   RO          583    i.DMA_Cmd           stm32f10x_dma.o
    0x08000a6c   0x08000a6c   0x0000014c   Code   RO          584    i.DMA_DeInit        stm32f10x_dma.o
    0x08000bb8   0x08000bb8   0x0000002c   Code   RO          587    i.DMA_GetITStatus   stm32f10x_dma.o
    0x08000be4   0x08000be4   0x00000012   Code   RO          588    i.DMA_ITConfig      stm32f10x_dma.o
    0x08000bf6   0x08000bf6   0x0000003c   Code   RO          589    i.DMA_Init          stm32f10x_dma.o
    0x08000c32   0x08000c32   0x00000002   Code   RO          108    i.DebugMon_Handler  stm32f10x_it.o
    0x08000c34   0x08000c34   0x00000116   Code   RO          659    i.GPIO_Init         stm32f10x_gpio.o
    0x08000d4a   0x08000d4a   0x00000012   Code   RO          660    i.GPIO_PinLockConfig  stm32f10x_gpio.o
    0x08000d5c   0x08000d5c   0x00000004   Code   RO          666    i.GPIO_ResetBits    stm32f10x_gpio.o
    0x08000d60   0x08000d60   0x00000004   Code   RO          667    i.GPIO_SetBits      stm32f10x_gpio.o
    0x08000d64   0x08000d64   0x00000004   Code   RO          109    i.HardFault_Handler  stm32f10x_it.o
    0x08000d68   0x08000d68   0x00000004   Code   RO          110    i.MemManage_Handler  stm32f10x_it.o
    0x08000d6c   0x08000d6c   0x00000002   Code   RO          111    i.NMI_Handler       stm32f10x_it.o
    0x08000d6e   0x08000d6e   0x00000002   PAD
    0x08000d70   0x08000d70   0x00000070   Code   RO          168    i.NVIC_Init         misc.o
    0x08000de0   0x08000de0   0x00000014   Code   RO          169    i.NVIC_PriorityGroupConfig  misc.o
    0x08000df4   0x08000df4   0x0000016c   Code   RO         2146    i.PWM_Motor_Configuration  pwm.o
    0x08000f60   0x08000f60   0x00000002   Code   RO          112    i.PendSV_Handler    stm32f10x_it.o
    0x08000f62   0x08000f62   0x00000002   PAD
    0x08000f64   0x08000f64   0x00000018   Code   RO          941    i.RCC_ADCCLKConfig  stm32f10x_rcc.o
    0x08000f7c   0x08000f7c   0x00000020   Code   RO          942    i.RCC_AHBPeriphClockCmd  stm32f10x_rcc.o
    0x08000f9c   0x08000f9c   0x00000020   Code   RO          944    i.RCC_APB1PeriphResetCmd  stm32f10x_rcc.o
    0x08000fbc   0x08000fbc   0x00000020   Code   RO          945    i.RCC_APB2PeriphClockCmd  stm32f10x_rcc.o
    0x08000fdc   0x08000fdc   0x00000020   Code   RO          946    i.RCC_APB2PeriphResetCmd  stm32f10x_rcc.o
    0x08000ffc   0x08000ffc   0x00000018   Code   RO         1898    i.SPI_Cmd           stm32f10x_spi.o
    0x08001014   0x08001014   0x00000094   Code   RO         2234    i.SPI_Configuration  spi.o
    0x080010a8   0x080010a8   0x0000003c   Code   RO         1911    i.SPI_Init          stm32f10x_spi.o
    0x080010e4   0x080010e4   0x00000002   Code   RO          113    i.SVC_Handler       stm32f10x_it.o
    0x080010e6   0x080010e6   0x00000002   PAD
    0x080010e8   0x080010e8   0x00000230   Code   RO         2171    i.SVPWM_3ShuntCalcDutyCycles  svpwm.o
    0x08001318   0x08001318   0x00000008   Code   RO         2286    i.SetSysClock       system_stm32f10x.o
    0x08001320   0x08001320   0x000000e0   Code   RO         2287    i.SetSysClockTo72   system_stm32f10x.o
    0x08001400   0x08001400   0x00000218   Code   RO            1    i.SysTick_Handler   main.o
    0x08001618   0x08001618   0x00000060   Code   RO         2289    i.SystemInit        system_stm32f10x.o
    0x08001678   0x08001678   0x00000038   Code   RO         2147    i.TIM1_UP_IRQHandler  pwm.o
    0x080016b0   0x080016b0   0x00000018   Code   RO         1145    i.TIM_ARRPreloadConfig  stm32f10x_tim.o
    0x080016c8   0x080016c8   0x00000020   Code   RO         1146    i.TIM_BDTRConfig    stm32f10x_tim.o
    0x080016e8   0x080016e8   0x00000006   Code   RO         1151    i.TIM_ClearFlag     stm32f10x_tim.o
    0x080016ee   0x080016ee   0x00000018   Code   RO         1157    i.TIM_Cmd           stm32f10x_tim.o
    0x08001706   0x08001706   0x0000001e   Code   RO         1159    i.TIM_CtrlPWMOutputs  stm32f10x_tim.o
    0x08001724   0x08001724   0x000001e8   Code   RO         1162    i.TIM_DeInit        stm32f10x_tim.o
    0x0800190c   0x0800190c   0x00000012   Code   RO         1182    i.TIM_ITConfig      stm32f10x_tim.o
    0x0800191e   0x0800191e   0x00000002   PAD
    0x08001920   0x08001920   0x00000098   Code   RO         1186    i.TIM_OC1Init       stm32f10x_tim.o
    0x080019b8   0x080019b8   0x000000a4   Code   RO         1191    i.TIM_OC2Init       stm32f10x_tim.o
    0x08001a5c   0x08001a5c   0x000000a0   Code   RO         1196    i.TIM_OC3Init       stm32f10x_tim.o
    0x08001afc   0x08001afc   0x00000004   Code   RO         1218    i.TIM_SetCompare1   stm32f10x_tim.o
    0x08001b00   0x08001b00   0x00000004   Code   RO         1219    i.TIM_SetCompare2   stm32f10x_tim.o
    0x08001b04   0x08001b04   0x00000004   Code   RO         1220    i.TIM_SetCompare3   stm32f10x_tim.o
    0x08001b08   0x08001b08   0x000000a4   Code   RO         1228    i.TIM_TimeBaseInit  stm32f10x_tim.o
    0x08001bac   0x08001bac   0x00000012   Code   RO         1229    i.TIM_TimeBaseStructInit  stm32f10x_tim.o
    0x08001bbe   0x08001bbe   0x00000002   PAD
    0x08001bc0   0x08001bc0   0x0000001c   Code   RO         2070    i.USB_HP_CAN1_TX_IRQHandler  can.o
    0x08001bdc   0x08001bdc   0x00000028   Code   RO         2071    i.USB_LP_CAN1_RX0_IRQHandler  can.o
    0x08001c04   0x08001c04   0x00000004   Code   RO          114    i.UsageFault_Handler  stm32f10x_it.o
    0x08001c08   0x08001c08   0x00000028   Code   RO         2461    i.__ARM_fpclassify  m_ws.l(fpclassify.o)
    0x08001c30   0x08001c30   0x00000388   Code   RO         2426    i.__ieee754_rem_pio2  m_ws.l(rred.o)
    0x08001fb8   0x08001fb8   0x000000fc   Code   RO         2409    i.__kernel_cos      m_ws.l(cos_i.o)
    0x080020b4   0x080020b4   0x000000aa   Code   RO         2463    i.__kernel_poly     m_ws.l(poly.o)
    0x0800215e   0x0800215e   0x00000002   PAD
    0x08002160   0x08002160   0x000000ec   Code   RO         2431    i.__kernel_sin      m_ws.l(sin_i.o)
    0x0800224c   0x0800224c   0x00000006   Code   RO         2413    i.__mathlib_dbl_infnan  m_ws.l(dunder.o)
    0x08002252   0x08002252   0x0000000c   Code   RO         2415    i.__mathlib_dbl_invalid  m_ws.l(dunder.o)
    0x0800225e   0x0800225e   0x00000002   PAD
    0x08002260   0x08002260   0x00000010   Code   RO         2418    i.__mathlib_dbl_underflow  m_ws.l(dunder.o)
    0x08002270   0x08002270   0x0000009c   Code   RO         2380    i.cos               m_ws.l(cos.o)
    0x0800230c   0x0800230c   0x0000001a   Code   RO         2099    i.delay_us          delay.o
    0x08002326   0x08002326   0x00000020   Code   RO         2235    i.gpio_mode_af      spi.o
    0x08002346   0x08002346   0x00000020   Code   RO         2236    i.gpio_mode_out     spi.o
    0x08002366   0x08002366   0x00000002   PAD
    0x08002368   0x08002368   0x00000068   Code   RO            2    i.main              main.o
    0x080023d0   0x080023d0   0x0000003c   Code   RO         2148    i.set_PWM_x         pwm.o
    0x0800240c   0x0800240c   0x000000a0   Code   RO         2388    i.sin               m_ws.l(sin.o)
    0x080024ac   0x080024ac   0x00000044   Code   RO         2237    i.spi1_read_write_byte  spi.o
    0x080024f0   0x080024f0   0x00000062   Code   RO         2333    x$fpl$d2f           fz_ws.l(d2f.o)
    0x08002552   0x08002552   0x00000002   PAD
    0x08002554   0x08002554   0x00000150   Code   RO         2335    x$fpl$dadd          fz_ws.l(daddsub_clz.o)
    0x080026a4   0x080026a4   0x00000010   Code   RO         2478    x$fpl$dcheck1       fz_ws.l(dcheck1.o)
    0x080026b4   0x080026b4   0x000002b0   Code   RO         2342    x$fpl$ddiv          fz_ws.l(ddiv.o)
    0x08002964   0x08002964   0x0000005e   Code   RO         2345    x$fpl$dfix          fz_ws.l(dfix.o)
    0x080029c2   0x080029c2   0x0000002e   Code   RO         2350    x$fpl$dflt          fz_ws.l(dflt_clz.o)
    0x080029f0   0x080029f0   0x00000026   Code   RO         2349    x$fpl$dfltu         fz_ws.l(dflt_clz.o)
    0x08002a16   0x08002a16   0x00000002   PAD
    0x08002a18   0x08002a18   0x00000154   Code   RO         2355    x$fpl$dmul          fz_ws.l(dmul.o)
    0x08002b6c   0x08002b6c   0x0000009c   Code   RO         2398    x$fpl$dnaninf       fz_ws.l(dnaninf.o)
    0x08002c08   0x08002c08   0x0000000c   Code   RO         2400    x$fpl$dretinf       fz_ws.l(dretinf.o)
    0x08002c14   0x08002c14   0x00000016   Code   RO         2336    x$fpl$drsb          fz_ws.l(daddsub_clz.o)
    0x08002c2a   0x08002c2a   0x00000002   PAD
    0x08002c2c   0x08002c2c   0x000001d4   Code   RO         2337    x$fpl$dsub          fz_ws.l(daddsub_clz.o)
    0x08002e00   0x08002e00   0x00000056   Code   RO         2357    x$fpl$f2d           fz_ws.l(f2d.o)
    0x08002e56   0x08002e56   0x00000002   PAD
    0x08002e58   0x08002e58   0x00000184   Code   RO         2366    x$fpl$fdiv          fz_ws.l(fdiv.o)
    0x08002fdc   0x08002fdc   0x00000030   Code   RO         2370    x$fpl$fflt          fz_ws.l(fflt_clz.o)
    0x0800300c   0x0800300c   0x0000008c   Code   RO         2404    x$fpl$fnaninf       fz_ws.l(fnaninf.o)
    0x08003098   0x08003098   0x0000000a   Code   RO         2406    x$fpl$fretinf       fz_ws.l(fretinf.o)
    0x080030a2   0x080030a2   0x00000064   Code   RO         2527    x$fpl$retnan        fz_ws.l(retnan.o)
    0x08003106   0x08003106   0x0000005c   Code   RO         2459    x$fpl$scalbn        fz_ws.l(scalbn.o)
    0x08003162   0x08003162   0x00000030   Code   RO         2540    x$fpl$trapveneer    fz_ws.l(trapv.o)
    0x08003192   0x08003192   0x00000000   Code   RO         2408    x$fpl$usenofp       fz_ws.l(usenofp.o)
    0x08003192   0x08003192   0x00000006   PAD
    0x08003198   0x08003198   0x00000010   Data   RO         2238    .constdata          spi.o
    0x080031a8   0x080031a8   0x00000030   Data   RO         2410    .constdata          m_ws.l(cos_i.o)
    0x080031d8   0x080031d8   0x000000c8   Data   RO         2428    .constdata          m_ws.l(rred.o)
    0x080032a0   0x080032a0   0x00000028   Data   RO         2432    .constdata          m_ws.l(sin_i.o)
    0x080032c8   0x080032c8   0x00000020   Data   RO         2608    Region$$Table       anon$$obj.o


    Execution Region RW_IRAM1 (Exec base: 0x20000000, Load base: 0x080032e8, Size: 0x000006e0, Max: 0x00005000, ABSOLUTE)

    Exec Addr    Load Addr    Size         Type   Attr      Idx    E Section Name        Object

    0x20000000   0x080032e8   0x00000026   Data   RW            4    .data               main.o
    0x20000026   0x0800330e   0x00000002   PAD
    0x20000028   0x08003310   0x00000038   Data   RW         2040    .data               adc.o
    0x20000060        -       0x00000010   Zero   RW            3    .bss                main.o
    0x20000070        -       0x0000000c   Zero   RW         2173    .bss                svpwm.o
    0x2000007c        -       0x00000060   Zero   RW         2466    .bss                c_w.l(libspace.o)
    0x200000dc   0x08003348   0x00000004   PAD
    0x200000e0        -       0x00000200   Zero   RW         2321    HEAP                startup_stm32f10x_md.o
    0x200002e0        -       0x00000400   Zero   RW         2320    STACK               startup_stm32f10x_md.o


==============================================================================

Image component sizes


      Code (inc. data)   RO Data    RW Data    ZI Data      Debug   Object Name

       552         50          0         56          0       2645   adc.o
        68         10          0          0          0        941   can.o
         0          0          0          0          0         32   core_cm3.o
        26          0          0          0          0        531   delay.o
       640         82          0         38         16     289805   main.o
       132         22          0          0          0       1379   misc.o
       480         36          0          0          0       1791   pwm.o
       552         40         16          0          0       3710   spi.o
        64         26        236          0       1536        772   startup_stm32f10x_md.o
       460         10          0          0          0       8646   stm32f10x_adc.o
       714         10          0          0          0       3308   stm32f10x_can.o
       506         26          0          0          0       4791   stm32f10x_dma.o
       304          0          0          0          0       3373   stm32f10x_gpio.o
        24          0          0          0          0       3196   stm32f10x_it.o
       152         30          0          0          0       2582   stm32f10x_rcc.o
        84          0          0          0          0       1973   stm32f10x_spi.o
      1292        146          0          0          0       8815   stm32f10x_tim.o
       560         14          0          0         12        997   svpwm.o
       328         28          0          0          0       1749   system_stm32f10x.o

    ----------------------------------------------------------------------
      6956        530        284         96       1564     341036   Object Totals
         0          0         32          0          0          0   (incl. Generated)
        18          0          0          2          0          0   (incl. Padding)

    ----------------------------------------------------------------------

      Code (inc. data)   RO Data    RW Data    ZI Data      Debug   Library Member Name

         8          0          0          0          0         68   __main.o
         0          0          0          0          0          0   __rtentry.o
        12          0          0          0          0          0   __rtentry2.o
         6          0          0          0          0          0   __rtentry4.o
        52          8          0          0          0          0   __scatter.o
        26          0          0          0          0          0   __scatter_copy.o
        28          0          0          0          0          0   __scatter_zi.o
        22          0          0          0          0        100   _rserrno.o
        18          0          0          0          0         80   exit.o
         6          0          0          0          0        152   heapauxi.o
         0          0          0          0          0          0   indicate_semi.o
         2          0          0          0          0          0   libinit.o
         2          0          0          0          0          0   libinit2.o
         2          0          0          0          0          0   libshutdown.o
         2          0          0          0          0          0   libshutdown2.o
         8          4          0          0         96         68   libspace.o
         8          4          0          0          0         68   rt_errno_addr_intlibspace.o
         2          0          0          0          0          0   rtexit.o
        10          0          0          0          0          0   rtexit2.o
        12          4          0          0          0         68   sys_exit.o
        74          0          0          0          0         80   sys_stackheap_outer.o
         2          0          0          0          0         68   use_no_semi.o
        98          4          0          0          0         92   d2f.o
       826         16          0          0          0        348   daddsub_clz.o
        16          4          0          0          0         68   dcheck1.o
       688        140          0          0          0        208   ddiv.o
        94          4          0          0          0         92   dfix.o
        84          0          0          0          0        136   dflt_clz.o
       340         12          0          0          0        104   dmul.o
       156          4          0          0          0         92   dnaninf.o
        12          0          0          0          0         68   dretinf.o
        86          4          0          0          0         84   f2d.o
       388         76          0          0          0         96   fdiv.o
        48          0          0          0          0         68   fflt_clz.o
       140          4          0          0          0         84   fnaninf.o
        10          0          0          0          0         68   fretinf.o
       100          0          0          0          0         68   retnan.o
        92          0          0          0          0         68   scalbn.o
        48          0          0          0          0         68   trapv.o
         0          0          0          0          0          0   usenofp.o
       156          8          0          0          0        104   cos.o
       252         22         48          0          0        124   cos_i.o
        34          6          0          0          0        204   dunder.o
        40          0          0          0          0         68   fpclassify.o
       170          0          0          0          0         96   poly.o
       904         76        200          0          0        140   rred.o
       160         10          0          0          0        108   sin.o
       236         12         40          0          0        128   sin_i.o

    ----------------------------------------------------------------------
      5504        422        288          0        100       3536   Library Totals
        24          0          0          0          4          0   (incl. Padding)

    ----------------------------------------------------------------------

      Code (inc. data)   RO Data    RW Data    ZI Data      Debug   Library Name

       302         20          0          0         96        752   c_w.l
      3226        268          0          0          0       1812   fz_ws.l
      1952        134        288          0          0        972   m_ws.l

    ----------------------------------------------------------------------
      5504        422        288          0        100       3536   Library Totals

    ----------------------------------------------------------------------

==============================================================================


      Code (inc. data)   RO Data    RW Data    ZI Data      Debug   

     12460        952        572         96       1664     338848   Grand Totals
     12460        952        572         96       1664     338848   ELF Image Totals
     12460        952        572         96          0          0   ROM Totals

==============================================================================

    Total RO  Size (Code + RO Data)                13032 (  12.73kB)
    Total RW  Size (RW Data + ZI Data)              1760 (   1.72kB)
    Total ROM Size (Code + RO Data + RW Data)      13128 (  12.82kB)

==============================================================================

